Archive member included to satisfy reference by file (symbol)

libGENERATED_CONFIG_TARGET.a(clock_config.c.o)
                              (--whole-archive)
libGENERATED_CONFIG_TARGET.a(pin_mux.c.o)
                              (--whole-archive)
libGENERATED_CONFIG_TARGET.a(startup.S.o)
                              (--whole-archive)
libGENERATED_CONFIG_TARGET.a(vector.S.o)
                              (--whole-archive)
libGENERATED_CONFIG_TARGET.a(vector_table_copy.c.o)
                              (--whole-archive)
libGENERATED_CONFIG_TARGET.a(RamInit0.S.o)
                              (--whole-archive)
libGENERATED_CONFIG_TARGET.a(RamInit1.c.o)
                              (--whole-archive)
libGENERATED_CONFIG_TARGET.a(RamInit2.c.o)
                              (--whole-archive)
libGENERATED_CONFIG_TARGET.a(interrupt_config.c.o)
                              (--whole-archive)
libGENERATED_CONFIG_TARGET.a(dma_config.c.o)
                              (--whole-archive)
libGENERATED_CONFIG_TARGET.a(can_config.c.o)
                              (--whole-archive)
libGENERATED_CONFIG_TARGET.a(tmu_config.c.o)
                              (--whole-archive)
libGENERATED_CONFIG_TARGET.a(ptmr_config.c.o)
                              (--whole-archive)
libGENERATED_CONFIG_TARGET.a(etmr_config.c.o)
                              (--whole-archive)
libGENERATED_CONFIG_TARGET.a(adc_config.c.o)
                              (--whole-archive)
libGENERATED_CONFIG_TARGET.a(wdg_config.c.o)
                              (--whole-archive)
libGENERATED_CONFIG_TARGET.a(fee_config.c.o)
                              (--whole-archive)
libGENERATED_CONFIG_TARGET.a(flash_config.c.o)
                              (--whole-archive)
libGENERATED_SDK_TARGET.a(clock_YTM32B1Mx.c.o)
                              (--whole-archive)
libGENERATED_SDK_TARGET.a(pins_driver.c.o)
                              (--whole-archive)
libGENERATED_SDK_TARGET.a(pins_port_hw_access.c.o)
                              (--whole-archive)
libGENERATED_SDK_TARGET.a(interrupt_manager.c.o)
                              (--whole-archive)
libGENERATED_SDK_TARGET.a(dma_driver.c.o)
                              (--whole-archive)
libGENERATED_SDK_TARGET.a(dma_hw_access.c.o)
                              (--whole-archive)
libGENERATED_SDK_TARGET.a(dma_irq.c.o)
                              (--whole-archive)
libGENERATED_SDK_TARGET.a(flexcan_driver.c.o)
                              (--whole-archive)
libGENERATED_SDK_TARGET.a(flexcan_hw_access.c.o)
                              (--whole-archive)
libGENERATED_SDK_TARGET.a(flexcan_irq.c.o)
                              (--whole-archive)
libGENERATED_SDK_TARGET.a(tmu_driver.c.o)
                              (--whole-archive)
libGENERATED_SDK_TARGET.a(tmu_hw_access.c.o)
                              (--whole-archive)
libGENERATED_SDK_TARGET.a(ptmr_driver.c.o)
                              (--whole-archive)
libGENERATED_SDK_TARGET.a(etmr_common.c.o)
                              (--whole-archive)
libGENERATED_SDK_TARGET.a(etmr_hw_access.c.o)
                              (--whole-archive)
libGENERATED_SDK_TARGET.a(etmr_pwm_driver.c.o)
                              (--whole-archive)
libGENERATED_SDK_TARGET.a(adc_driver.c.o)
                              (--whole-archive)
libGENERATED_SDK_TARGET.a(wdg_driver.c.o)
                              (--whole-archive)
libGENERATED_SDK_TARGET.a(wdg_hw_access.c.o)
                              (--whole-archive)
libGENERATED_SDK_TARGET.a(fee.c.o)
                              (--whole-archive)
libGENERATED_SDK_TARGET.a(fls_async_driver.c.o)
                              (--whole-archive)
libGENERATED_SDK_TARGET.a(fls_hw_access.c.o)
                              (--whole-archive)
libGENERATED_SDK_TARGET.a(flash_driver.c.o)
                              (--whole-archive)
libGENERATED_SDK_TARGET.a(system_YTM32B1ME0.c.o)
                              (--whole-archive)
libGENERATED_SDK_TARGET.a(osif_baremetal.c.o)
                              (--whole-archive)
libGENERATED_SDK_TARGET.a(CPID_Callback.c.o)
                              (--whole-archive)
libGENERATED_SDK_TARGET.a(DID_Callback.c.o)
                              (--whole-archive)
libGENERATED_SDK_TARGET.a(RID_Callback.c.o)
                              (--whole-archive)
libGENERATED_SDK_TARGET.a(HwIO.c.o)
                              (--whole-archive)
libGENERATED_SDK_TARGET.a(PwmCtrl.c.o)
                              (--whole-archive)
libGENERATED_SDK_TARGET.a(PwmCtrl_Cfg.c.o)
                              (--whole-archive)
libGENERATED_SDK_TARGET.a(PwmM.c.o)
                              (--whole-archive)
libGENERATED_SDK_TARGET.a(STD_AdcF.c.o)
                              (--whole-archive)
libGENERATED_SDK_TARGET.a(AdcM_CallBack.c.o)
                              (--whole-archive)
libGENERATED_SDK_TARGET.a(STD_AdcM.c.o)
                              (--whole-archive)
libGENERATED_SDK_TARGET.a(STD_AdcMCfg.c.o)
[...]
Memory Configuration

Name             Origin             Length             Attributes
SecurtBoot       0x00000000         0x00010000         xr
Bootloader       0x00010000         0x0001fb00         xr
BootFlash_Storage 0x0002fb00         0x00000100         xr
AppBootInteract  0x0002fc00         0x00000400         xr
ApplHeader       0x00030000         0x00000020         xr
Appl_IVT         0x00030020         0x000003e0         xr
BootAppInteract  0x00030400         0x00000400         xr
AppFlash_Storage 0x00030800         0x00000100         xr
App1             0x00030900         0x0004ef00         xr
BVT1             0x0007f800         0x00000800         xr
App2             0x00080000         0x0007f000         xr
BVT2             0x000ff000         0x00000800         xr
App3             0x000ff800         0x00000800         xr
IVT_RAM          0x1fff0000         0x00000400         rw
UserKAM          0x1fff0400         0x00000100         rw
RAM              0x1fff0500         0x0001f700         rw
STACK            0x2000fc00         0x00000400         rw
*default*        0x00000000         0xffffffff

Linker script and memory map

START GROUP
LOAD CMakeFiles/AP1G28AACXWA.elf.dir/app/main.c.o
LOAD CMakeFiles/AP1G28AACXWA.elf.dir/app/hardware.c.o
LOAD CMakeFiles/AP1G28AACXWA.elf.dir/app/motor_interface.c.o
LOAD CMakeFiles/AP1G28AACXWA.elf.dir/app/sys_task.c.o
LOAD libGENERATED_CONFIG_TARGET.a
LOAD libGENERATED_SDK_TARGET.a
LOAD C:/Users/Administrator/Desktop/AP1G28AACXWA_APP_V1.1.3_20260601(SW1.1.3.B)/app/libmotor.a
END GROUP
LOAD libGENERATED_CONFIG_TARGET.a
LOAD libGENERATED_SDK_TARGET.a
LOAD c:/users/administrator/appdata/roaming/yt_config_tool/gcc-arm-none-eabi-10.3-2021.10/bin/../lib/gcc/arm-none-eabi/10.3.1/../../../../arm-none-eabi/lib/thumb/v8-m.main/nofp\libstdc++.a
LOAD c:/users/administrator/appdata/roaming/yt_config_tool/gcc-arm-none-eabi-10.3-2021.10/bin/../lib/gcc/arm-none-eabi/10.3.1/../../../../arm-none-eabi/lib/thumb/v8-m.main/nofp\libm.a
START GROUP
LOAD c:/users/administrator/appdata/roaming/yt_config_tool/gcc-arm-none-eabi-10.3-2021.10/bin/../lib/gcc/arm-none-eabi/10.3.1/thumb/v8-m.main/nofp\libgcc.a
LOAD c:/users/administrator/appdata/roaming/yt_config_tool/gcc-arm-none-eabi-10.3-2021.10/bin/../lib/gcc/arm-none-eabi/10.3.1/../../../../arm-none-eabi/lib/thumb/v8-m.main/nofp\libc.a
END GROUP
START GROUP
LOAD c:/users/administrator/appdata/roaming/yt_config_tool/gcc-arm-none-eabi-10.3-2021.10/bin/../lib/gcc/arm-none-eabi/10.3.1/thumb/v8-m.main/nofp\libgcc.a
LOAD c:/users/administrator/appdata/roaming/yt_config_tool/gcc-arm-none-eabi-10.3-2021.10/bin/../lib/gcc/arm-none-eabi/10.3.1/../../../../arm-none-eabi/lib/thumb/v8-m.main/nofp\libc.a
LOAD c:/users/administrator/appdata/roaming/yt_config_tool/gcc-arm-none-eabi-10.3-2021.10/bin/../lib/gcc/arm-none-eabi/10.3.1/../../../../arm-none-eabi/lib/thumb/v8-m.main/nofp\libnosys.a
END GROUP

.TEXT           0x00000000        0x8
                0x00000000                . = ALIGN (0x8)
                0x00080000                TEXT_start = .
                0x00000000                UserResetHandler_region_start = .
 *(.UserResetHandler)
 .UserResetHandler
                0x00000000        0x8 libGENERATED_CONFIG_TARGET.a(vector.S.o)
                0x00000008                UserResetHandler_region_end = .
                0x00080000                TEXT_end = .

.BootFlash_Storage
                0x0002fb00        0x0
                0x0002fb00                BootFlash_Storage_start = .
                0x0002fb00                BootFlash_Storage_region_start = .
 *(.BootFlash_Storage)
                0x0002fb00                BootFlash_Storage_region_end = .
                0x0002fb00                BootFlash_Storage_end = .

.AppBootInteract
                0x0002fc00       0x44
                0x0002fc00                . = ALIGN (0x4)
                0x0002fc00                AppBootInteract_start = .
                0x0002fc00                AppBootInteract_region_start = .
                0x0002fc00                AppBootStart = .
 *(.AppBootInteract)
 .AppBootInteract
                0x0002fc00       0x44 libGENERATED_SDK_TARGET.a(Can_Fbl.c.o)
                0x0002fc00                FblStart
                0x0002fc44                AppBootInteract_region_end = .
                0x0002fc44                AppBootEnd = .
                0x0002fc44                AppBootInteract_end = .

.IVT            0x00030020      0x33c
                0x00030020                IVT_start = .
                0x00030020                isr_vector_region_start = .
 *(.isr_vector)
 .isr_vector    0x00030020      0x33c libGENERATED_CONFIG_TARGET.a(vector.S.o)
                0x0003035c                isr_vector_region_end = .
                0x0003035c                IVT_end = .

.BootAppInteract
                0x00030400       0x5c
                0x00030400                BootAppInteract_start = .
                0x00030400                BootAppInteract_region_start = .
 *(.BootAppInteract)
 .BootAppInteract
                0x00030400       0x5c libGENERATED_CONFIG_TARGET.a(startup.S.o)
                0x00030400                Reset_Handler
                0x0003045c                BootAppInteract_region_end = .
                0x0003045c                BootAppInteract_end = .

.AppFlash_Storage
                0x00030800       0x2c
                0x00030800                AppFlash_Storage_start = .
                0x00030800                AppFlash_Storage_region_start = .
 *(.AppFlash_Storage)
 .AppFlash_Storage
                0x00030800       0x2c libGENERATED_SDK_TARGET.a(DID_Callback.c.o)
                0x00030800                CaDid_u_0xF189_ChangAnSoftVersion
                0x00030810                CaDid_u_0xF18A_SupplierIdentifier
                0x00030818                CaDid_u_0xF188_SoftVersionNumber
                0x0003082c                AppFlash_Storage_region_end = .
                0x0003082c                AppFlash_Storage_end = .

.TEXT           0x00030900    0x2c858
                0x00080000                TEXT_start = .
                0x00080000                rodata_region_start = .
 *(.rodata)
 .rodata        0x00030900        0x2 libGENERATED_SDK_TARGET.a(adc_driver.c.o)
 *fill*         0x00030902        0x2 
 .rodata        0x00030904        0x8 libGENERATED_SDK_TARGET.a(system_YTM32B1ME0.c.o)
 .rodata        0x0003090c        0xf libGENERATED_SDK_TARGET.a(DID_Callback.c.o)
 *fill*         0x0003091b        0x1 
 .rodata        0x0003091c        0x6 libGENERATED_SDK_TARGET.a(Appl_Can_Callback.c.o)
 *(.rodata*)
 *fill*         0x00030922        0x2 
 .rodata.clock_config0ScuConfig
                0x00030924       0x28 libGENERATED_CONFIG_TARGET.a(clock_config.c.o)
                0x00030924                clock_config0ScuConfig
 .rodata.clock_config0CmuConfig
                0x0003094c       0x20 libGENERATED_CONFIG_TARGET.a(clock_config.c.o)
                0x0003094c                clock_config0CmuConfig
 .rodata.g_pin_mux_InitConfigArr0
                0x0003096c      0x5cc libGENERATED_CONFIG_TARGET.a(pin_mux.c.o)
                0x0003096c                g_pin_mux_InitConfigArr0
 .rodata.CopyLayout
                0x00030f38       0x40 libGENERATED_CONFIG_TARGET.a(RamInit1.c.o)
                0x00030f38                CopyLayout
 .rodata.ZeroLayout
                0x00030f78        0xc libGENERATED_CONFIG_TARGET.a(RamInit1.c.o)
                0x00030f78                ZeroLayout
 .rodata.flexcanInitConfig0
                0x00030f84       0x44 libGENERATED_CONFIG_TARGET.a(can_config.c.o)
                0x00030f84                flexcanInitConfig0
 .rodata.inOutMappingConfig
                0x00030fc8        0x2 libGENERATED_CONFIG_TARGET.a(tmu_config.c.o)
                0x00030fc8                inOutMappingConfig
 *fill*         0x00030fca        0x2 
 .rodata.tmu_config0
                0x00030fcc        0x8 libGENERATED_CONFIG_TARGET.a(tmu_config.c.o)
                0x00030fcc                tmu_config0
 .rodata.ptmr_channel_0
                0x00030fd4        0xc libGENERATED_CONFIG_TARGET.a(ptmr_config.c.o)
                0x00030fd4                ptmr_channel_0
 .rodata.ptmr_channel_1
                0x00030fe0        0xc libGENERATED_CONFIG_TARGET.a(ptmr_config.c.o)
                0x00030fe0                ptmr_channel_1
 .rodata.PTMR_Config
                0x00030fec        0x1 libGENERATED_CONFIG_TARGET.a(ptmr_config.c.o)
                0x00030fec                PTMR_Config
 *fill*         0x00030fed        0x3 
 .rodata.adc_config0
                0x00030ff0       0x26 libGENERATED_CONFIG_TARGET.a(adc_config.c.o)
                0x00030ff0                adc_config0
 *fill*         0x00031016        0x2 
 .rodata.adc_config1
                0x00031018       0x26 libGENERATED_CONFIG_TARGET.a(adc_config.c.o)
                0x00031018                adc_config1
 *fill*         0x0003103e        0x2 
 .rodata.adc_config2
                0x00031040       0x26 libGENERATED_CONFIG_TARGET.a(adc_config.c.o)
                0x00031040                adc_config2
 *fill*         0x00031066        0x2 
 .rodata.wdg_config0
                0x00031068       0x14 libGENERATED_CONFIG_TARGET.a(wdg_config.c.o)
                0x00031068                wdg_config0
 .rodata.sectorList
                0x0003107c       0xc0 libGENERATED_CONFIG_TARGET.a(fee_config.c.o)
 .rodata.flashConfig
                0x0003113c       0x30 libGENERATED_CONFIG_TARGET.a(fee_config.c.o)
 .rodata.clusterConfig
                0x0003116c       0x18 libGENERATED_CONFIG_TARGET.a(fee_config.c.o)
 .rodata.blockConfig
                0x00031184       0x40 libGENERATED_CONFIG_TARGET.a(fee_config.c.o)
 .rodata.FEEGenConfig
                0x000311c4       0x10 libGENERATED_CONFIG_TARGET.a(fee_config.c.o)
                0x000311c4                FEEGenConfig
 .rodata.clockNameMappings
                0x000311d4       0x8c libGENERATED_SDK_TARGET.a(clock_YTM32B1Mx.c.o)
                0x000311d4                clockNameMappings
 .rodata.s_dmaIrqId
                0x00031260       0x20 libGENERATED_SDK_TARGET.a(dma_driver.c.o)
 .rodata.g_flexcanBase
                0x00031280       0x18 libGENERATED_SDK_TARGET.a(flexcan_driver.c.o)
 .rodata.g_flexcanWakeUpIrqId
                0x00031298        0xc libGENERATED_SDK_TARGET.a(flexcan_driver.c.o)
 .rodata.g_flexcanErrorIrqId
                0x000312a4        0xc libGENERATED_SDK_TARGET.a(flexcan_driver.c.o)
 .rodata.g_flexcanBusOffIrqId
                0x000312b0        0xc libGENERATED_SDK_TARGET.a(flexcan_driver.c.o)
 .rodata.g_flexcanOredMessageBufferIrqId
                0x000312bc       0x30 libGENERATED_SDK_TARGET.a(flexcan_driver.c.o)
 .rodata.fdInstances.1
                0x000312ec        0x6 libGENERATED_SDK_TARGET.a(flexcan_driver.c.o)
 *fill*         0x000312f2        0x2 
 .rodata.instancesHasEnhanceRxFifo.0
                0x000312f4        0x6 libGENERATED_SDK_TARGET.a(flexcan_driver.c.o)
 *fill*         0x000312fa        0x2 
 .rodata.flexcanBase.5
                0x000312fc       0x18 libGENERATED_SDK_TARGET.a(flexcan_hw_access.c.o)
 .rodata.maxMbNum.4
                0x00031314       0x18 libGENERATED_SDK_TARGET.a(flexcan_hw_access.c.o)
 .rodata.canInstanceBaseAddr.3
                0x0003132c       0x18 libGENERATED_SDK_TARGET.a(flexcan_hw_access.c.o)
 .rodata.HR_TIMESTAMPInstances.2
                0x00031344        0x6 libGENERATED_SDK_TARGET.a(flexcan_hw_access.c.o)
 *fill*         0x0003134a        0x2 
 .rodata.canInstanceBaseAddr.1
                0x0003134c       0x18 libGENERATED_SDK_TARGET.a(flexcan_hw_access.c.o)
 .rodata.fdInstances.0
                0x00031364        0x6 libGENERATED_SDK_TARGET.a(flexcan_hw_access.c.o)
 *fill*         0x0003136a        0x2 
 .rodata.ptmrIrqId
                0x0003136c        0x8 libGENERATED_SDK_TARGET.a(ptmr_driver.c.o)
 .rodata.g_etmrBase
                0x00031374       0x18 libGENERATED_SDK_TARGET.a(etmr_common.c.o)
                0x00031374                g_etmrBase
 .rodata.g_etmrChannelNum
                0x0003138c        0x6 libGENERATED_SDK_TARGET.a(etmr_common.c.o)
                0x0003138c                g_etmrChannelNum
 *fill*         0x00031392        0x2 
 .rodata.s_adcBase
                0x00031394        0x8 libGENERATED_SDK_TARGET.a(adc_driver.c.o)
 .rodata.s_efmReadCollisionIrqId
                0x0003139c        0x6 libGENERATED_SDK_TARGET.a(flash_driver.c.o)
 *fill*         0x000313a2        0x2 
 .rodata.CaDid_u_0xF1F9_ChangJiang_SWVersion
                0x000313a4        0xa libGENERATED_SDK_TARGET.a(DID_Callback.c.o)
 *fill*         0x000313ae        0x2 
 .rodata.CaDid_u_0xF122_DiagDefinitionVersion
                0x000313b0        0x4 libGENERATED_SDK_TARGET.a(DID_Callback.c.o)
 .rodata.CaDid_u_0xF120_NetworkProtocolVersion
                0x000313b4        0x4 libGENERATED_SDK_TARGET.a(DID_Callback.c.o)
 .rodata.CaDid_u_0xF121_FuncDefinitionVersion
                0x000313b8        0x4 libGENERATED_SDK_TARGET.a(DID_Callback.c.o)
 .rodata.AdCBSampleAdc1CfgArray
                0x000313bc       0xa8 libGENERATED_SDK_TARGET.a(AdcM_CallBack.c.o)
 .rodata.stAdcM_CfgTable
                0x00031464       0x70 libGENERATED_SDK_TARGET.a(STD_AdcMCfg.c.o)
                0x00031464                stAdcM_CfgTable
 .rodata.KaSRCTR_dw_DatSensorRes_TS2
                0x000314d4      0x250 libGENERATED_SDK_TARGET.a(STD_SrAdCtr_Cfg.c.o)
                0x000314d4                KaSRCTR_dw_DatSensorRes_TS2
 .rodata.KaSRCTR_dw_DatSensorRes_TS1
                0x00031724      0x250 libGENERATED_SDK_TARGET.a(STD_SrAdCtr_Cfg.c.o)
                0x00031724                KaSRCTR_dw_DatSensorRes_TS1
 .rodata.KaSRCTR_dw_DatSensorRes_PCB_TEMP
                0x00031974      0x33c libGENERATED_SDK_TARGET.a(STD_SrAdCtr_Cfg.c.o)
                0x00031974                KaSRCTR_dw_DatSensorRes_PCB_TEMP
 .rodata.stSrMChanCfgArray
                0x00031cb0       0x24 libGENERATED_SDK_TARGET.a(STD_SrM_Cfg.c.o)
                0x00031cb0                stSrMChanCfgArray
 .rodata.EepIf_ApiFun
                0x00031cd4       0x1c libGENERATED_SDK_TARGET.a(STD_EepIf_Cfg.c.o)
                0x00031cd4                EepIf_ApiFun
 .rodata.ucEepBank0RomArray
                0x00031cf0       0x5e libGENERATED_SDK_TARGET.a(STD_EepCfg.c.o)
                0x00031cf0                ucEepBank0RomArray
 *fill*         0x00031d4e        0x2 
 .rodata.ucEepBank1RomArray
                0x00031d50       0x5e libGENERATED_SDK_TARGET.a(STD_EepCfg.c.o)
                0x00031d50                ucEepBank1RomArray
 *fill*         0x00031dae        0x2 
 .rodata.ucEepBank2RomArray
                0x00031db0       0x5e libGENERATED_SDK_TARGET.a(STD_EepCfg.c.o)
                0x00031db0                ucEepBank2RomArray
 *fill*         0x00031e0e        0x2 
 .rodata.ucEepBank3RomArray
                0x00031e10       0x5e libGENERATED_SDK_TARGET.a(STD_EepCfg.c.o)
                0x00031e10                ucEepBank3RomArray
 *fill*         0x00031e6e        0x2 
 .rodata.ucEepBank4RomArray
                0x00031e70       0x5e libGENERATED_SDK_TARGET.a(STD_EepCfg.c.o)
                0x00031e70                ucEepBank4RomArray
 *fill*         0x00031ece        0x2 
 .rodata.ucEepBank5RomArray
                0x00031ed0       0x5e libGENERATED_SDK_TARGET.a(STD_EepCfg.c.o)
                0x00031ed0                ucEepBank5RomArray
 *fill*         0x00031f2e        0x2 
 .rodata.ucEepBank6RomArray
                0x00031f30       0x5e libGENERATED_SDK_TARGET.a(STD_EepCfg.c.o)
                0x00031f30                ucEepBank6RomArray
 *fill*         0x00031f8e        0x2 
 .rodata.ucEepBank7RomArray
                0x00031f90       0x5e libGENERATED_SDK_TARGET.a(STD_EepCfg.c.o)
                0x00031f90                ucEepBank7RomArray
 *fill*         0x00031fee        0x2 
 .rodata.stEepBankCfg
                0x00031ff0       0xc0 libGENERATED_SDK_TARGET.a(STD_EepCfg.c.o)
                0x00031ff0                stEepBankCfg
 .rodata.stEepBlockCfg
                0x000320b0       0xfc libGENERATED_SDK_TARGET.a(STD_EepCfg.c.o)
                0x000320b0                stEepBlockCfg
 .rodata.EvM_BankCfgTable
                0x000321ac       0xa0 libGENERATED_SDK_TARGET.a(STD_EvMCfg.c.o)
                0x000321ac                EvM_BankCfgTable
 .rodata.CaSysM_SleepJudge_Table
                0x0003224c       0x10 libGENERATED_SDK_TARGET.a(SysM_Cfg.c.o)
                0x0003224c                CaSysM_SleepJudge_Table
 .rodata.SsDEM_h_MoniEnCodHandler
                0x0003225c       0x14 libGENERATED_SDK_TARGET.a(CanDem_Cfg.c.o)
                0x0003225c                SsDEM_h_MoniEnCodHandler
 .rodata.CaDEM_u_MoniEnTime
                0x00032270        0x5 libGENERATED_SDK_TARGET.a(CanDem_Cfg.c.o)
                0x00032270                CaDEM_u_MoniEnTime
 *fill*         0x00032275        0x3 
 .rodata.SsDem_e_DebounceTimeTable
                0x00032278       0x3c libGENERATED_SDK_TARGET.a(CanDem_Cfg.c.o)
                0x00032278                SsDem_e_DebounceTimeTable
 .rodata.DsDem_h_ManagementUnit
                0x000322b4      0x130 libGENERATED_SDK_TARGET.a(CanDem_Cfg.c.o)
                0x000322b4                DsDem_h_ManagementUnit
 .rodata.CanTxId0
                0x000323e4        0xc libGENERATED_SDK_TARGET.a(can_par.c.o)
                0x000323e4                CanTxId0
 .rodata.CanTxDLC
                0x000323f0        0x6 libGENERATED_SDK_TARGET.a(can_par.c.o)
                0x000323f0                CanTxDLC
 *fill*         0x000323f6        0x2 
 .rodata.CanTxDataPtr
                0x000323f8       0x18 libGENERATED_SDK_TARGET.a(can_par.c.o)
                0x000323f8                CanTxDataPtr
 .rodata.CanTxApplPreTransmitPtr
                0x00032410       0x18 libGENERATED_SDK_TARGET.a(can_par.c.o)
                0x00032410                CanTxApplPreTransmitPtr
 .rodata.CanTxApplConfirmationPtr
                0x00032428       0x18 libGENERATED_SDK_TARGET.a(can_par.c.o)
                0x00032428                CanTxApplConfirmationPtr
 .rodata.CanTxSendMask
                0x00032440        0x6 libGENERATED_SDK_TARGET.a(can_par.c.o)
                0x00032440                CanTxSendMask
 *fill*         0x00032446        0x2 
 .rodata.CanConfirmationOffset
                0x00032448        0x6 libGENERATED_SDK_TARGET.a(can_par.c.o)
                0x00032448                CanConfirmationOffset
 *fill*         0x0003244e        0x2 
 .rodata.CanConfirmationMask
                0x00032450        0x6 libGENERATED_SDK_TARGET.a(can_par.c.o)
                0x00032450                CanConfirmationMask
 *fill*         0x00032456        0x2 
 .rodata.CanRxId0
                0x00032458       0x14 libGENERATED_SDK_TARGET.a(can_par.c.o)
                0x00032458                CanRxId0
 .rodata.CanRxMsgIndirection
                0x0003246c       0x14 libGENERATED_SDK_TARGET.a(can_par.c.o)
                0x0003246c                CanRxMsgIndirection
 .rodata.CanRxDataLen
                0x00032480        0xa libGENERATED_SDK_TARGET.a(can_par.c.o)
                0x00032480                CanRxDataLen
 *fill*         0x0003248a        0x2 
 .rodata.CanRxDataPtr
                0x0003248c       0x28 libGENERATED_SDK_TARGET.a(can_par.c.o)
                0x0003248c                CanRxDataPtr
 .rodata.CanRxApplPrecopyPtr
                0x000324b4       0x28 libGENERATED_SDK_TARGET.a(can_par.c.o)
                0x000324b4                CanRxApplPrecopyPtr
 .rodata.CanRxApplIndicationPtr
                0x000324dc       0x28 libGENERATED_SDK_TARGET.a(can_par.c.o)
                0x000324dc                CanRxApplIndicationPtr
 .rodata.CanInitObject
                0x00032504        0x4 libGENERATED_SDK_TARGET.a(can_par.c.o)
                0x00032504                CanInitObject
 .rodata.CanInitBasicCan
                0x00032508       0x40 libGENERATED_SDK_TARGET.a(can_par.c.o)
                0x00032508                CanInitBasicCan
 .rodata.CanInitBasicCanIndex
                0x00032548        0x2 libGENERATED_SDK_TARGET.a(can_par.c.o)
                0x00032548                CanInitBasicCanIndex
 *fill*         0x0003254a        0x2 
 .rodata.CanRxMinDataLen
                0x0003254c        0xa libGENERATED_SDK_TARGET.a(can_par.c.o)
                0x0003254c                CanRxMinDataLen
 *fill*         0x00032556        0x2 
 .rodata.Can_Mailbox
                0x00032558       0x30 libGENERATED_SDK_TARGET.a(can_par.c.o)
                0x00032558                Can_Mailbox
 .rodata.Can_HwObjToMailboxIndirection
                0x00032588       0x26 libGENERATED_SDK_TARGET.a(can_par.c.o)
                0x00032588                Can_HwObjToMailboxIndirection
 *fill*         0x000325ae        0x2 
 .rodata.CanNm_Configuration0
                0x000325b0        0x8 libGENERATED_SDK_TARGET.a(CanNm_Cfg.c.o)
                0x000325b0                CanNm_Configuration0
 .rodata.CanNm_PbChannelConfig0
                0x000325b8        0x6 libGENERATED_SDK_TARGET.a(CanNm_Cfg.c.o)
                0x000325b8                CanNm_PbChannelConfig0
 *fill*         0x000325be        0x2 
 .rodata.CanNm_LConfiguration
                0x000325c0        0x2 libGENERATED_SDK_TARGET.a(CanNm_Cfg.c.o)
                0x000325c0                CanNm_LConfiguration
 *fill*         0x000325c2        0x2 
 .rodata.CanNm_LChannelConfig
                0x000325c4       0x18 libGENERATED_SDK_TARGET.a(CanNm_Cfg.c.o)
                0x000325c4                CanNm_LChannelConfig
 .rodata.CanNm_SystemToNmChannelInd
                0x000325dc        0x1 libGENERATED_SDK_TARGET.a(CanNm_Cfg.c.o)
                0x000325dc                CanNm_SystemToNmChannelInd
 *fill*         0x000325dd        0x3 
 .rodata.cclNmType
                0x000325e0        0x1 libGENERATED_SDK_TARGET.a(ccl_par.c.o)
                0x000325e0                cclNmType
 *fill*         0x000325e1        0x3 
 .rodata.cclStartIndex
                0x000325e4        0x1 libGENERATED_SDK_TARGET.a(ccl_par.c.o)
                0x000325e4                cclStartIndex
 *fill*         0x000325e5        0x3 
 .rodata.cclStopIndex
                0x000325e8        0x1 libGENERATED_SDK_TARGET.a(ccl_par.c.o)
                0x000325e8                cclStopIndex
 *fill*         0x000325e9        0x3 
 .rodata.cclUserOffset
                0x000325ec        0x2 libGENERATED_SDK_TARGET.a(ccl_par.c.o)
                0x000325ec                cclUserOffset
 *fill*         0x000325ee        0x2 
 .rodata.cclUserMask
                0x000325f0        0x2 libGENERATED_SDK_TARGET.a(ccl_par.c.o)
                0x000325f0                cclUserMask
 *fill*         0x000325f2        0x2 
 .rodata.cclUserChannel
                0x000325f4        0x2 libGENERATED_SDK_TARGET.a(ccl_par.c.o)
                0x000325f4                cclUserChannel
 *fill*         0x000325f6        0x2 
 .rodata.g_descStateGroupTransition
                0x000325f8       0x30 libGENERATED_SDK_TARGET.a(desc.c.o)
 .rodata.g_descSidMap
                0x00032628       0x46 libGENERATED_SDK_TARGET.a(desc.c.o)
 *fill*         0x0003266e        0x2 
 .rodata.g_descSvcHead
                0x00032670       0x78 libGENERATED_SDK_TARGET.a(desc.c.o)
 .rodata.g_descPreHandlerTable
                0x000326e8       0x10 libGENERATED_SDK_TARGET.a(desc.c.o)
 .rodata.g_descPostHandlerTable
                0x000326f8       0x14 libGENERATED_SDK_TARGET.a(desc.c.o)
 .rodata.g_descSvcInst
                0x0003270c      0x280 libGENERATED_SDK_TARGET.a(desc.c.o)
 .rodata.g_descSvcInstHeadExt
                0x0003298c       0x3e libGENERATED_SDK_TARGET.a(desc.c.o)
 *fill*         0x000329ca        0x2 
 .rodata.g_descPIDInfo
                0x000329cc      0x190 libGENERATED_SDK_TARGET.a(desc.c.o)
 .rodata.g_descRidSubFuncToCtrlTypeMap
                0x00032b5c        0x4 libGENERATED_SDK_TARGET.a(desc.c.o)
 .rodata.g_descRIDInfo
                0x00032b60        0x8 libGENERATED_SDK_TARGET.a(desc.c.o)
 .rodata.g_descRIDInstInfo
                0x00032b68       0x10 libGENERATED_SDK_TARGET.a(desc.c.o)
 .rodata.IlTxStartCycles
                0x00032b78        0x4 libGENERATED_SDK_TARGET.a(il_par.c.o)
                0x00032b78                IlTxStartCycles
 .rodata.IlTxUpdateCycles
                0x00032b7c        0x4 libGENERATED_SDK_TARGET.a(il_par.c.o)
                0x00032b7c                IlTxUpdateCycles
 .rodata.IlTxCyclicCycles
                0x00032b80        0x4 libGENERATED_SDK_TARGET.a(il_par.c.o)
                0x00032b80                IlTxCyclicCycles
 .rodata.IlTxConfirmationFctPtr
                0x00032b84       0x10 libGENERATED_SDK_TARGET.a(il_par.c.o)
                0x00032b84                IlTxConfirmationFctPtr
 .rodata.IlRxTimeoutTbl
                0x00032b94       0x10 libGENERATED_SDK_TARGET.a(il_par.c.o)
                0x00032b94                IlRxTimeoutTbl
 .rodata.IlRxTimeoutFctPtr
                0x00032ba4       0x20 libGENERATED_SDK_TARGET.a(il_par.c.o)
                0x00032ba4                IlRxTimeoutFctPtr
 .rodata.VIU_FR_3EDIlRxDefaultInitValue
                0x00032bc4        0x7 libGENERATED_SDK_TARGET.a(il_par.c.o)
 *fill*         0x00032bcb        0x1 
 .rodata.VIU_FR_3D3IlRxDefaultInitValue
                0x00032bcc        0x6 libGENERATED_SDK_TARGET.a(il_par.c.o)
 *fill*         0x00032bd2        0x2 
 .rodata.VIU_FR_3D1IlRxDefaultInitValue
                0x00032bd4        0x1 libGENERATED_SDK_TARGET.a(il_par.c.o)
 *fill*         0x00032bd5        0x3 
 .rodata.VIU_FR_2F7IlRxDefaultInitValue
                0x00032bd8        0x6 libGENERATED_SDK_TARGET.a(il_par.c.o)
 *fill*         0x00032bde        0x2 
 .rodata.VIU_FR_2EFIlRxDefaultInitValue
                0x00032be0        0x4 libGENERATED_SDK_TARGET.a(il_par.c.o)
 .rodata.VIU_FR_2ECIlRxDefaultInitValue
                0x00032be4        0x1 libGENERATED_SDK_TARGET.a(il_par.c.o)
 *fill*         0x00032be5        0x3 
 .rodata.VIU_FR_288IlRxDefaultInitValue
                0x00032be8        0x6 libGENERATED_SDK_TARGET.a(il_par.c.o)
 *fill*         0x00032bee        0x2 
 .rodata.VIU_FR_1C3IlRxDefaultInitValue
                0x00032bf0        0x6 libGENERATED_SDK_TARGET.a(il_par.c.o)
 *fill*         0x00032bf6        0x2 
 .rodata.IlRxDefaultInitValue
                0x00032bf8       0x20 libGENERATED_SDK_TARGET.a(il_par.c.o)
                0x00032bf8                IlRxDefaultInitValue
 .rodata.IlTxIndirection
                0x00032c18        0x8 libGENERATED_SDK_TARGET.a(il_par.c.o)
                0x00032c18                IlTxIndirection
 .rodata.IlCanHndToIlHnd
                0x00032c20        0xc libGENERATED_SDK_TARGET.a(il_par.c.o)
                0x00032c20                IlCanHndToIlHnd
 .rodata.IlTxType
                0x00032c2c        0x4 libGENERATED_SDK_TARGET.a(il_par.c.o)
                0x00032c2c                IlTxType
 .rodata.Nm_LChannelConfiguration
                0x00032c30        0x2 libGENERATED_SDK_TARGET.a(Nm_Cfg.c.o)
                0x00032c30                Nm_LChannelConfiguration
 *fill*         0x00032c32        0x2 
 .rodata.CanShiftLookUp
                0x00032c34       0x80 libGENERATED_SDK_TARGET.a(can_drv.c.o)
 .rodata.CanGetHighestFlagFromNibble
                0x00032cb4       0x10 libGENERATED_SDK_TARGET.a(can_drv.c.o)
                0x00080000                rodata_region_end = .
                0x00080000                text_region_start = .
 *(.text)
 .text          0x00032cc4       0x94 libGENERATED_CONFIG_TARGET.a(RamInit0.S.o)
                0x00032cc4                RamInit0
 .text          0x00032d58     0x1fbc C:/Users/Administrator/Desktop/AP1G28AACXWA_APP_V1.1.3_20260601(SW1.1.3.B)/app/libmotor.a(motor.c.o)
                0x00032fec                accrpm2theta
                0x0003302c                rpm2speed
                0x0003306c                rps2theta
                0x000330bc                rpm2theta
                0x000330fc                theta2rpm
                0x0003313c                current2adc
                0x0003318c                voltag2adc_f32
                0x000331d4                current2adc_f32
                0x0003321c                motor_stop
                0x00033238                motor_start
                0x00033250                motor_speed
                0x00033270                dcBus_init
                0x000333ec                motor_param_init
                0x00033484                motor_info_init
                0x000334d4                motor_loop
                0x00033890                foc_ctrl
                0x000347fc                sendProtectInfo
                0x00034960                voltageProtectThresholdSet
                0x000349b8                currentProtectThresholdSet
                0x000349fc                speedProtectThresholdSet
                0x00034a44                stallProtectThresholdSet
                0x00034a80                bootMaxCurrentSet
                0x00034acc                acceMaxCurrentSet
                0x00034af0                fieldWeakThresholdSet
                0x00034b14                voltageProtectSet
                0x00034b34                voltagePowerProtectSet
                0x00034b54                currentProtectSet
                0x00034b74                speedProtectSet
                0x00034b94                stallProtectSet
                0x00034bb4                fieldWeakSet
                0x00034bd8                slowProtect
                0x00034c60                slowProtectADCTask
                0x00034c8c                slowProtect200ms
                0x00034ccc                getErrorInfo
                0x00034ce4                clearErrorInfo
                0x00034cfc                getSpeedInfo
 .text          0x00034d14     0x10b0 C:/Users/Administrator/Desktop/AP1G28AACXWA_APP_V1.1.3_20260601(SW1.1.3.B)/app/libmotor.a(estimator.c.o)
                0x00034dfe                q15_adapter
                0x00034e48                dir_init
                0x00034fe0                dir_reset
                0x00035010                dir_estimator
                0x000351c8                dir_angle
                0x000351e0                dir_speed
                0x000351f4                dir_bemfq
                0x00035208                dir_updatekfi
                0x00035228                dir_updatecomp
                0x000352fc                dir_resetcomp
                0x0003535c                svpwm_init
                0x0003538c                svpwm_window
                0x000353ac                svpwm
                0x00035bcc                rebuildcurrent
                0x00035cce                flux_init
                0x00035d30                flux_reset
                0x00035d4c                flux_caculation
 .text          0x00035dc4      0x378 c:/users/administrator/appdata/roaming/yt_config_tool/gcc-arm-none-eabi-10.3-2021.10/bin/../lib/gcc/arm-none-eabi/10.3.1/thumb/v8-m.main/nofp\libgcc.a(_arm_addsubdf3.o)
                0x00035dc4                __aeabi_drsub
                0x00035dcc                __aeabi_dsub
                0x00035dcc                __subdf3
                0x00035dd0                __aeabi_dadd
                0x00035dd0                __adddf3
                0x00036048                __floatunsidf
                0x00036048                __aeabi_ui2d
                0x00036068                __floatsidf
                0x00036068                __aeabi_i2d
                0x0003608c                __aeabi_f2d
                0x0003608c                __extendsfdf2
                0x000360d0                __floatundidf
                0x000360d0                __aeabi_ul2d
                0x000360e0                __floatdidf
                0x000360e0                __aeabi_l2d
 .text          0x0003613c      0x424 c:/users/administrator/appdata/roaming/yt_config_tool/gcc-arm-none-eabi-10.3-2021.10/bin/../lib/gcc/arm-none-eabi/10.3.1/thumb/v8-m.main/nofp\libgcc.a(_arm_muldivdf3.o)
                0x0003613c                __aeabi_dmul
                0x0003613c                __muldf3
                0x00036390                __divdf3
                0x00036390                __aeabi_ddiv
 .text          0x00036560      0x110 c:/users/administrator/appdata/roaming/yt_config_tool/gcc-arm-none-eabi-10.3-2021.10/bin/../lib/gcc/arm-none-eabi/10.3.1/thumb/v8-m.main/nofp\libgcc.a(_arm_cmpdf2.o)
                0x00036560                __gtdf2
                0x00036560                __gedf2
                0x00036568                __ltdf2
                0x00036568                __ledf2
                0x00036570                __nedf2
                0x00036570                __eqdf2
                0x00036570                __cmpdf2
                0x000365ec                __aeabi_cdrcmple
                0x000365fc                __aeabi_cdcmpeq
                0x000365fc                __aeabi_cdcmple
                0x0003660c                __aeabi_dcmpeq
                0x00036620                __aeabi_dcmplt
                0x00036634                __aeabi_dcmple
                0x00036648                __aeabi_dcmpge
                0x0003665c                __aeabi_dcmpgt
 .text          0x00036670       0x50 c:/users/administrator/appdata/roaming/yt_config_tool/gcc-arm-none-eabi-10.3-2021.10/bin/../lib/gcc/arm-none-eabi/10.3.1/thumb/v8-m.main/nofp\libgcc.a(_arm_fixdfsi.o)
                0x00036670                __aeabi_d2iz
                0x00036670                __fixdfsi
 .text          0x000366c0       0x40 c:/users/administrator/appdata/roaming/yt_config_tool/gcc-arm-none-eabi-10.3-2021.10/bin/../lib/gcc/arm-none-eabi/10.3.1/thumb/v8-m.main/nofp\libgcc.a(_arm_fixunsdfsi.o)
                0x000366c0                __aeabi_d2uiz
                0x000366c0                __fixunsdfsi
 .text          0x00036700       0xa0 c:/users/administrator/appdata/roaming/yt_config_tool/gcc-arm-none-eabi-10.3-2021.10/bin/../lib/gcc/arm-none-eabi/10.3.1/thumb/v8-m.main/nofp\libgcc.a(_arm_truncdfsf2.o)
                0x00036700                __truncdfsf2
                0x00036700                __aeabi_d2f
 .text          0x000367a0      0x21c c:/users/administrator/appdata/roaming/yt_config_tool/gcc-arm-none-eabi-10.3-2021.10/bin/../lib/gcc/arm-none-eabi/10.3.1/thumb/v8-m.main/nofp\libgcc.a(_arm_addsubsf3.o)
                0x000367a0                __aeabi_frsub
                0x000367a8                __subsf3
                0x000367a8                __aeabi_fsub
                0x000367ac                __aeabi_fadd
                0x000367ac                __addsf3
                0x0003690c                __aeabi_ui2f
                0x0003690c                __floatunsisf
                0x00036914                __aeabi_i2f
                0x00036914                __floatsisf
                0x00036930                __aeabi_ul2f
                0x00036930                __floatundisf
                0x00036940                __aeabi_l2f
                0x00036940                __floatdisf
 .text          0x000369bc      0x2a0 c:/users/administrator/appdata/roaming/yt_config_tool/gcc-arm-none-eabi-10.3-2021.10/bin/../lib/gcc/arm-none-eabi/10.3.1/thumb/v8-m.main/nofp\libgcc.a(_arm_muldivsf3.o)
                0x000369bc                __mulsf3
                0x000369bc                __aeabi_fmul
                0x00036b24                __aeabi_fdiv
                0x00036b24                __divsf3
 .text          0x00036c5c       0xec c:/users/administrator/appdata/roaming/yt_config_tool/gcc-arm-none-eabi-10.3-2021.10/bin/../lib/gcc/arm-none-eabi/10.3.1/thumb/v8-m.main/nofp\libgcc.a(_arm_cmpsf2.o)
                0x00036c5c                __gesf2
                0x00036c5c                __gtsf2
                0x00036c64                __lesf2
                0x00036c64                __ltsf2
                0x00036c6c                __nesf2
                0x00036c6c                __eqsf2
                0x00036c6c                __cmpsf2
                0x00036ccc                __aeabi_cfrcmple
                0x00036cd4                __aeabi_cfcmpeq
                0x00036cd4                __aeabi_cfcmple
                0x00036ce4                __aeabi_fcmpeq
                0x00036cf8                __aeabi_fcmplt
                0x00036d0c                __aeabi_fcmple
                0x00036d20                __aeabi_fcmpge
                0x00036d34                __aeabi_fcmpgt
 .text          0x00036d48       0x2c c:/users/administrator/appdata/roaming/yt_config_tool/gcc-arm-none-eabi-10.3-2021.10/bin/../lib/gcc/arm-none-eabi/10.3.1/thumb/v8-m.main/nofp\libgcc.a(_arm_unordsf2.o)
                0x00036d48                __unordsf2
                0x00036d48                __aeabi_fcmpun
 .text          0x00036d74       0x4c c:/users/administrator/appdata/roaming/yt_config_tool/gcc-arm-none-eabi-10.3-2021.10/bin/../lib/gcc/arm-none-eabi/10.3.1/thumb/v8-m.main/nofp\libgcc.a(_arm_fixsfsi.o)
                0x00036d74                __aeabi_f2iz
                0x00036d74                __fixsfsi
 .text          0x00036dc0       0x40 c:/users/administrator/appdata/roaming/yt_config_tool/gcc-arm-none-eabi-10.3-2021.10/bin/../lib/gcc/arm-none-eabi/10.3.1/thumb/v8-m.main/nofp\libgcc.a(_arm_fixunssfsi.o)
                0x00036dc0                __fixunssfsi
                0x00036dc0                __aeabi_f2uiz
 .text          0x00036e00       0x30 c:/users/administrator/appdata/roaming/yt_config_tool/gcc-arm-none-eabi-10.3-2021.10/bin/../lib/gcc/arm-none-eabi/10.3.1/thumb/v8-m.main/nofp\libgcc.a(_aeabi_uldivmod.o)
                0x00036e00                __aeabi_uldivmod
 .text          0x00036e30      0x2e8 c:/users/administrator/appdata/roaming/yt_config_tool/gcc-arm-none-eabi-10.3-2021.10/bin/../lib/gcc/arm-none-eabi/10.3.1/thumb/v8-m.main/nofp\libgcc.a(_udivmoddi4.o)
                0x00036e30                __udivmoddi4
 .text          0x00037118        0x4 c:/users/administrator/appdata/roaming/yt_config_tool/gcc-arm-none-eabi-10.3-2021.10/bin/../lib/gcc/arm-none-eabi/10.3.1/thumb/v8-m.main/nofp\libgcc.a(_dvmd_tls.o)
                0x00037118                __aeabi_idiv0
                0x00037118                __aeabi_ldiv0
 *(.text*)
 .text.main     0x0003711c       0x12 CMakeFiles/AP1G28AACXWA.elf.dir/app/main.c.o
                0x0003711c                main
 .text.Board_Init
                0x0003712e        0xc CMakeFiles/AP1G28AACXWA.elf.dir/app/main.c.o
 *fill*         0x0003713a        0x2 
 .text.motor_foc_work
                0x0003713c       0x88 CMakeFiles/AP1G28AACXWA.elf.dir/app/motor_interface.c.o
                0x0003713c                motor_foc_work
 .text.motor_foc_softstop
                0x000371c4       0x12 CMakeFiles/AP1G28AACXWA.elf.dir/app/motor_interface.c.o
                0x000371c4                motor_foc_softstop
 *fill*         0x000371d6        0x2 
 .text.motor_loop_work
                0x000371d8      0x124 CMakeFiles/AP1G28AACXWA.elf.dir/app/motor_interface.c.o
                0x000371d8                motor_loop_work
 .text.motor_loop_softstop
                0x000372fc       0x12 CMakeFiles/AP1G28AACXWA.elf.dir/app/motor_interface.c.o
                0x000372fc                motor_loop_softstop
 *fill*         0x0003730e        0x2 
 .text.task_1ms
                0x00037310       0x70 CMakeFiles/AP1G28AACXWA.elf.dir/app/sys_task.c.o
                0x00037310                task_1ms
 .text.task_100ms
                0x00037380       0x54 CMakeFiles/AP1G28AACXWA.elf.dir/app/sys_task.c.o
                0x00037380                task_100ms
 .text.task_200ms
                0x000373d4       0x44 CMakeFiles/AP1G28AACXWA.elf.dir/app/sys_task.c.o
                0x000373d4                task_200ms
 .text.task_1s  0x00037418        0xc CMakeFiles/AP1G28AACXWA.elf.dir/app/sys_task.c.o
                0x00037418                task_1s
 .text.VectorTableCopy
                0x00037424       0x68 libGENERATED_CONFIG_TARGET.a(vector_table_copy.c.o)
                0x00037424                VectorTableCopy
 .text.DefaultISR
                0x0003748c        0x6 libGENERATED_CONFIG_TARGET.a(vector_table_copy.c.o)
                0x0003748c                DefaultISR
 .text.NMI_Handler
                0x00037492        0xc libGENERATED_CONFIG_TARGET.a(vector_table_copy.c.o)
                0x00037492                NMI_Handler
 .text.HardFault_Handler
                0x0003749e        0xc libGENERATED_CONFIG_TARGET.a(vector_table_copy.c.o)
                0x0003749e                HardFault_Handler
 .text.MemManage_Handler
                0x000374aa        0xc libGENERATED_CONFIG_TARGET.a(vector_table_copy.c.o)
                0x000374aa                MemManage_Handler
 .text.BusFault_Handler
                0x000374b6        0xc libGENERATED_CONFIG_TARGET.a(vector_table_copy.c.o)
                0x000374b6                BusFault_Handler
 .text.UsageFault_Handler
                0x000374c2        0xc libGENERATED_CONFIG_TARGET.a(vector_table_copy.c.o)
                0x000374c2                UsageFault_Handler
 .text.SVC_Handler
                0x000374ce        0xc libGENERATED_CONFIG_TARGET.a(vector_table_copy.c.o)
                0x000374ce                SVC_Handler
 .text.DebugMon_Handler
                0x000374da        0xc libGENERATED_CONFIG_TARGET.a(vector_table_copy.c.o)
                0x000374da                DebugMon_Handler
 .text.PendSV_Handler
                0x000374e6        0xc libGENERATED_CONFIG_TARGET.a(vector_table_copy.c.o)
                0x000374e6                PendSV_Handler
 .text.FPU_IRQHandler
                0x000374f2        0xc libGENERATED_CONFIG_TARGET.a(vector_table_copy.c.o)
                0x000374f2                FPU_IRQHandler
 .text.PCU_IRQHandler
                0x000374fe        0xc libGENERATED_CONFIG_TARGET.a(vector_table_copy.c.o)
                0x000374fe                PCU_IRQHandler
 .text.EFM_Ecc_IRQHandler
                0x0003750a        0xc libGENERATED_CONFIG_TARGET.a(vector_table_copy.c.o)
                0x0003750a                EFM_Ecc_IRQHandler
 .text.WDG0_IRQHandler
                0x00037516        0xc libGENERATED_CONFIG_TARGET.a(vector_table_copy.c.o)
                0x00037516                WDG0_IRQHandler
 .text.RCU_IRQHandler
                0x00037522        0xc libGENERATED_CONFIG_TARGET.a(vector_table_copy.c.o)
                0x00037522                RCU_IRQHandler
 .text.I2C0_Master_IRQHandler
                0x0003752e        0xc libGENERATED_CONFIG_TARGET.a(vector_table_copy.c.o)
                0x0003752e                I2C0_Master_IRQHandler
 .text.I2C0_Slave_IRQHandler
                0x0003753a        0xc libGENERATED_CONFIG_TARGET.a(vector_table_copy.c.o)
                0x0003753a                I2C0_Slave_IRQHandler
 .text.SPI0_IRQHandler
                0x00037546        0xc libGENERATED_CONFIG_TARGET.a(vector_table_copy.c.o)
                0x00037546                SPI0_IRQHandler
 .text.SPI1_IRQHandler
                0x00037552        0xc libGENERATED_CONFIG_TARGET.a(vector_table_copy.c.o)
                0x00037552                SPI1_IRQHandler
 .text.SPI2_IRQHandler
                0x0003755e        0xc libGENERATED_CONFIG_TARGET.a(vector_table_copy.c.o)
                0x0003755e                SPI2_IRQHandler
 .text.I2C1_Master_IRQHandler
                0x0003756a        0xc libGENERATED_CONFIG_TARGET.a(vector_table_copy.c.o)
                0x0003756a                I2C1_Master_IRQHandler
 .text.I2C1_Slave_IRQHandler
                0x00037576        0xc libGENERATED_CONFIG_TARGET.a(vector_table_copy.c.o)
                0x00037576                I2C1_Slave_IRQHandler
 .text.LINFlexD0_IRQHandler
                0x00037582        0xc libGENERATED_CONFIG_TARGET.a(vector_table_copy.c.o)
                0x00037582                LINFlexD0_IRQHandler
 .text.LINFlexD1_IRQHandler
                0x0003758e        0xc libGENERATED_CONFIG_TARGET.a(vector_table_copy.c.o)
                0x0003758e                LINFlexD1_IRQHandler
 .text.LINFlexD2_IRQHandler
                0x0003759a        0xc libGENERATED_CONFIG_TARGET.a(vector_table_copy.c.o)
                0x0003759a                LINFlexD2_IRQHandler
 .text.ADC0_IRQHandler
                0x000375a6        0xc libGENERATED_CONFIG_TARGET.a(vector_table_copy.c.o)
                0x000375a6                ADC0_IRQHandler
 .text.ADC1_IRQHandler
                0x000375b2        0xc libGENERATED_CONFIG_TARGET.a(vector_table_copy.c.o)
                0x000375b2                ADC1_IRQHandler
 .text.ACMP0_IRQHandler
                0x000375be        0xc libGENERATED_CONFIG_TARGET.a(vector_table_copy.c.o)
                0x000375be                ACMP0_IRQHandler
 .text.EMU0_IRQHandler
                0x000375ca        0xc libGENERATED_CONFIG_TARGET.a(vector_table_copy.c.o)
                0x000375ca                EMU0_IRQHandler
 .text.RTC_IRQHandler
                0x000375d6        0xc libGENERATED_CONFIG_TARGET.a(vector_table_copy.c.o)
                0x000375d6                RTC_IRQHandler
 .text.RTC_Seconds_IRQHandler
                0x000375e2        0xc libGENERATED_CONFIG_TARGET.a(vector_table_copy.c.o)
                0x000375e2                RTC_Seconds_IRQHandler
 .text.pTMR0_Ch0_IRQHandler
                0x000375ee        0xc libGENERATED_CONFIG_TARGET.a(vector_table_copy.c.o)
                0x000375ee                pTMR0_Ch0_IRQHandler
 .text.pTMR0_Ch1_IRQHandler
                0x000375fa        0xc libGENERATED_CONFIG_TARGET.a(vector_table_copy.c.o)
                0x000375fa                pTMR0_Ch1_IRQHandler
 .text.pTMR0_Ch2_IRQHandler
                0x00037606        0xc libGENERATED_CONFIG_TARGET.a(vector_table_copy.c.o)
                0x00037606                pTMR0_Ch2_IRQHandler
 .text.pTMR0_Ch3_IRQHandler
                0x00037612        0xc libGENERATED_CONFIG_TARGET.a(vector_table_copy.c.o)
                0x00037612                pTMR0_Ch3_IRQHandler
 .text.PTU0_IRQHandler
                0x0003761e        0xc libGENERATED_CONFIG_TARGET.a(vector_table_copy.c.o)
                0x0003761e                PTU0_IRQHandler
 .text.SCU_IRQHandler
                0x0003762a        0xc libGENERATED_CONFIG_TARGET.a(vector_table_copy.c.o)
                0x0003762a                SCU_IRQHandler
 .text.lpTMR0_IRQHandler
                0x00037636        0xc libGENERATED_CONFIG_TARGET.a(vector_table_copy.c.o)
                0x00037636                lpTMR0_IRQHandler
 .text.GPIOA_IRQHandler
                0x00037642        0xc libGENERATED_CONFIG_TARGET.a(vector_table_copy.c.o)
                0x00037642                GPIOA_IRQHandler
 .text.GPIOB_IRQHandler
                0x0003764e        0xc libGENERATED_CONFIG_TARGET.a(vector_table_copy.c.o)
                0x0003764e                GPIOB_IRQHandler
 .text.GPIOC_IRQHandler
                0x0003765a        0xc libGENERATED_CONFIG_TARGET.a(vector_table_copy.c.o)
                0x0003765a                GPIOC_IRQHandler
 .text.GPIOD_IRQHandler
                0x00037666        0xc libGENERATED_CONFIG_TARGET.a(vector_table_copy.c.o)
                0x00037666                GPIOD_IRQHandler
 .text.GPIOE_IRQHandler
                0x00037672        0xc libGENERATED_CONFIG_TARGET.a(vector_table_copy.c.o)
                0x00037672                GPIOE_IRQHandler
 .text.PTU1_IRQHandler
                0x0003767e        0xc libGENERATED_CONFIG_TARGET.a(vector_table_copy.c.o)
                0x0003767e                PTU1_IRQHandler
 .text.eTMR0_Ch0_Ch1_IRQHandler
                0x0003768a        0xc libGENERATED_CONFIG_TARGET.a(vector_table_copy.c.o)
                0x0003768a                eTMR0_Ch0_Ch1_IRQHandler
 .text.eTMR0_Ch2_Ch3_IRQHandler
                0x00037696        0xc libGENERATED_CONFIG_TARGET.a(vector_table_copy.c.o)
                0x00037696                eTMR0_Ch2_Ch3_IRQHandler
 .text.eTMR0_Ch4_Ch5_IRQHandler
                0x000376a2        0xc libGENERATED_CONFIG_TARGET.a(vector_table_copy.c.o)
                0x000376a2                eTMR0_Ch4_Ch5_IRQHandler
 .text.eTMR0_Ch6_Ch7_IRQHandler
                0x000376ae        0xc libGENERATED_CONFIG_TARGET.a(vector_table_copy.c.o)
                0x000376ae                eTMR0_Ch6_Ch7_IRQHandler
 .text.eTMR0_Fault_IRQHandler
                0x000376ba        0xc libGENERATED_CONFIG_TARGET.a(vector_table_copy.c.o)
                0x000376ba                eTMR0_Fault_IRQHandler
 .text.eTMR0_Ovf_IRQHandler
                0x000376c6        0xc libGENERATED_CONFIG_TARGET.a(vector_table_copy.c.o)
                0x000376c6                eTMR0_Ovf_IRQHandler
 .text.eTMR1_Ch0_Ch1_IRQHandler
                0x000376d2        0xc libGENERATED_CONFIG_TARGET.a(vector_table_copy.c.o)
                0x000376d2                eTMR1_Ch0_Ch1_IRQHandler
 .text.eTMR1_Ch2_Ch3_IRQHandler
                0x000376de        0xc libGENERATED_CONFIG_TARGET.a(vector_table_copy.c.o)
                0x000376de                eTMR1_Ch2_Ch3_IRQHandler
 .text.eTMR1_Ch4_Ch5_IRQHandler
                0x000376ea        0xc libGENERATED_CONFIG_TARGET.a(vector_table_copy.c.o)
                0x000376ea                eTMR1_Ch4_Ch5_IRQHandler
 .text.eTMR1_Ch6_Ch7_IRQHandler
                0x000376f6        0xc libGENERATED_CONFIG_TARGET.a(vector_table_copy.c.o)
                0x000376f6                eTMR1_Ch6_Ch7_IRQHandler
 .text.eTMR1_Fault_IRQHandler
                0x00037702        0xc libGENERATED_CONFIG_TARGET.a(vector_table_copy.c.o)
                0x00037702                eTMR1_Fault_IRQHandler
 .text.eTMR1_Ovf_IRQHandler
                0x0003770e        0xc libGENERATED_CONFIG_TARGET.a(vector_table_copy.c.o)
                0x0003770e                eTMR1_Ovf_IRQHandler
 .text.eTMR2_Ch0_Ch1_IRQHandler
                0x0003771a        0xc libGENERATED_CONFIG_TARGET.a(vector_table_copy.c.o)
                0x0003771a                eTMR2_Ch0_Ch1_IRQHandler
 .text.eTMR2_Ch2_Ch3_IRQHandler
                0x00037726        0xc libGENERATED_CONFIG_TARGET.a(vector_table_copy.c.o)
                0x00037726                eTMR2_Ch2_Ch3_IRQHandler
 .text.eTMR2_Ch4_Ch5_IRQHandler
                0x00037732        0xc libGENERATED_CONFIG_TARGET.a(vector_table_copy.c.o)
                0x00037732                eTMR2_Ch4_Ch5_IRQHandler
 .text.eTMR2_Ch6_Ch7_IRQHandler
                0x0003773e        0xc libGENERATED_CONFIG_TARGET.a(vector_table_copy.c.o)
                0x0003773e                eTMR2_Ch6_Ch7_IRQHandler
 .text.eTMR2_Fault_IRQHandler
                0x0003774a        0xc libGENERATED_CONFIG_TARGET.a(vector_table_copy.c.o)
                0x0003774a                eTMR2_Fault_IRQHandler
 .text.eTMR2_Ovf_IRQHandler
                0x00037756        0xc libGENERATED_CONFIG_TARGET.a(vector_table_copy.c.o)
                0x00037756                eTMR2_Ovf_IRQHandler
 .text.eTMR3_Ch0_Ch1_IRQHandler
                0x00037762        0xc libGENERATED_CONFIG_TARGET.a(vector_table_copy.c.o)
                0x00037762                eTMR3_Ch0_Ch1_IRQHandler
 .text.eTMR3_Ch2_Ch3_IRQHandler
                0x0003776e        0xc libGENERATED_CONFIG_TARGET.a(vector_table_copy.c.o)
                0x0003776e                eTMR3_Ch2_Ch3_IRQHandler
 .text.eTMR3_Ch4_Ch5_IRQHandler
                0x0003777a        0xc libGENERATED_CONFIG_TARGET.a(vector_table_copy.c.o)
                0x0003777a                eTMR3_Ch4_Ch5_IRQHandler
 .text.eTMR3_Ch6_Ch7_IRQHandler
                0x00037786        0xc libGENERATED_CONFIG_TARGET.a(vector_table_copy.c.o)
                0x00037786                eTMR3_Ch6_Ch7_IRQHandler
 .text.eTMR3_Fault_IRQHandler
                0x00037792        0xc libGENERATED_CONFIG_TARGET.a(vector_table_copy.c.o)
                0x00037792                eTMR3_Fault_IRQHandler
 .text.eTMR3_Ovf_IRQHandler
                0x0003779e        0xc libGENERATED_CONFIG_TARGET.a(vector_table_copy.c.o)
                0x0003779e                eTMR3_Ovf_IRQHandler
 .text.eTMR4_Ch0_Ch1_IRQHandler
                0x000377aa        0xc libGENERATED_CONFIG_TARGET.a(vector_table_copy.c.o)
                0x000377aa                eTMR4_Ch0_Ch1_IRQHandler
 .text.eTMR4_Ch2_Ch3_IRQHandler
                0x000377b6        0xc libGENERATED_CONFIG_TARGET.a(vector_table_copy.c.o)
                0x000377b6                eTMR4_Ch2_Ch3_IRQHandler
 .text.eTMR4_Ch4_Ch5_IRQHandler
                0x000377c2        0xc libGENERATED_CONFIG_TARGET.a(vector_table_copy.c.o)
                0x000377c2                eTMR4_Ch4_Ch5_IRQHandler
 .text.eTMR4_Ch6_Ch7_IRQHandler
                0x000377ce        0xc libGENERATED_CONFIG_TARGET.a(vector_table_copy.c.o)
                0x000377ce                eTMR4_Ch6_Ch7_IRQHandler
 .text.eTMR4_Fault_IRQHandler
                0x000377da        0xc libGENERATED_CONFIG_TARGET.a(vector_table_copy.c.o)
                0x000377da                eTMR4_Fault_IRQHandler
 .text.eTMR4_Ovf_IRQHandler
                0x000377e6        0xc libGENERATED_CONFIG_TARGET.a(vector_table_copy.c.o)
                0x000377e6                eTMR4_Ovf_IRQHandler
 .text.eTMR5_Ch0_Ch1_IRQHandler
                0x000377f2        0xc libGENERATED_CONFIG_TARGET.a(vector_table_copy.c.o)
                0x000377f2                eTMR5_Ch0_Ch1_IRQHandler
 .text.eTMR5_Ch2_Ch3_IRQHandler
                0x000377fe        0xc libGENERATED_CONFIG_TARGET.a(vector_table_copy.c.o)
                0x000377fe                eTMR5_Ch2_Ch3_IRQHandler
 .text.eTMR5_Ch4_Ch5_IRQHandler
                0x0003780a        0xc libGENERATED_CONFIG_TARGET.a(vector_table_copy.c.o)
                0x0003780a                eTMR5_Ch4_Ch5_IRQHandler
 .text.eTMR5_Ch6_Ch7_IRQHandler
                0x00037816        0xc libGENERATED_CONFIG_TARGET.a(vector_table_copy.c.o)
                0x00037816                eTMR5_Ch6_Ch7_IRQHandler
 .text.eTMR5_Fault_IRQHandler
                0x00037822        0xc libGENERATED_CONFIG_TARGET.a(vector_table_copy.c.o)
                0x00037822                eTMR5_Fault_IRQHandler
 .text.eTMR5_Ovf_IRQHandler
                0x0003782e        0xc libGENERATED_CONFIG_TARGET.a(vector_table_copy.c.o)
                0x0003782e                eTMR5_Ovf_IRQHandler
 .text.TRNG_IRQHandler
                0x0003783a        0xc libGENERATED_CONFIG_TARGET.a(vector_table_copy.c.o)
                0x0003783a                TRNG_IRQHandler
 .text.HCU_IRQHandler
                0x00037846        0xc libGENERATED_CONFIG_TARGET.a(vector_table_copy.c.o)
                0x00037846                HCU_IRQHandler
 .text.INTM_IRQHandler
                0x00037852        0xc libGENERATED_CONFIG_TARGET.a(vector_table_copy.c.o)
                0x00037852                INTM_IRQHandler
 .text.TMR0_Ch0_IRQHandler
                0x0003785e        0xc libGENERATED_CONFIG_TARGET.a(vector_table_copy.c.o)
                0x0003785e                TMR0_Ch0_IRQHandler
 .text.TMR0_Ch1_IRQHandler
                0x0003786a        0xc libGENERATED_CONFIG_TARGET.a(vector_table_copy.c.o)
                0x0003786a                TMR0_Ch1_IRQHandler
 .text.TMR0_Ch2_IRQHandler
                0x00037876        0xc libGENERATED_CONFIG_TARGET.a(vector_table_copy.c.o)
                0x00037876                TMR0_Ch2_IRQHandler
 .text.TMR0_Ch3_IRQHandler
                0x00037882        0xc libGENERATED_CONFIG_TARGET.a(vector_table_copy.c.o)
                0x00037882                TMR0_Ch3_IRQHandler
 .text.LINFlexD3_IRQHandler
                0x0003788e        0xc libGENERATED_CONFIG_TARGET.a(vector_table_copy.c.o)
                0x0003788e                LINFlexD3_IRQHandler
 .text.LINFlexD4_IRQHandler
                0x0003789a        0xc libGENERATED_CONFIG_TARGET.a(vector_table_copy.c.o)
                0x0003789a                LINFlexD4_IRQHandler
 .text.LINFlexD5_IRQHandler
                0x000378a6        0xc libGENERATED_CONFIG_TARGET.a(vector_table_copy.c.o)
                0x000378a6                LINFlexD5_IRQHandler
 .text.I2C2_Master_IRQHandler
                0x000378b2        0xc libGENERATED_CONFIG_TARGET.a(vector_table_copy.c.o)
                0x000378b2                I2C2_Master_IRQHandler
 .text.I2C2_Slave_IRQHandler
                0x000378be        0xc libGENERATED_CONFIG_TARGET.a(vector_table_copy.c.o)
                0x000378be                I2C2_Slave_IRQHandler
 .text.SPI3_IRQHandler
                0x000378ca        0xc libGENERATED_CONFIG_TARGET.a(vector_table_copy.c.o)
                0x000378ca                SPI3_IRQHandler
 .text.SPI4_IRQHandler
                0x000378d6        0xc libGENERATED_CONFIG_TARGET.a(vector_table_copy.c.o)
                0x000378d6                SPI4_IRQHandler
 .text.SPI5_IRQHandler
                0x000378e2        0xc libGENERATED_CONFIG_TARGET.a(vector_table_copy.c.o)
                0x000378e2                SPI5_IRQHandler
 .text.WKU_IRQHandler
                0x000378ee        0xc libGENERATED_CONFIG_TARGET.a(vector_table_copy.c.o)
                0x000378ee                WKU_IRQHandler
 *fill*         0x000378fa        0x2 
 .text.IsPOR    0x000378fc       0x2c libGENERATED_CONFIG_TARGET.a(RamInit1.c.o)
 .text.RamInit1
                0x00037928      0x224 libGENERATED_CONFIG_TARGET.a(RamInit1.c.o)
                0x00037928                RamInit1
 .text.RamInit2
                0x00037b4c        0xc libGENERATED_CONFIG_TARGET.a(RamInit2.c.o)
                0x00037b4c                RamInit2
 .text.IPC_SetPeripheralClockControl
                0x00037b58       0x42 libGENERATED_SDK_TARGET.a(clock_YTM32B1Mx.c.o)
 .text.IPC_ResetModule
                0x00037b9a       0x2a libGENERATED_SDK_TARGET.a(clock_YTM32B1Mx.c.o)
 .text.IPC_SetClockMode
                0x00037bc4       0x36 libGENERATED_SDK_TARGET.a(clock_YTM32B1Mx.c.o)
 .text.SCU_SetSysClkDiv
                0x00037bfa       0x38 libGENERATED_SDK_TARGET.a(clock_YTM32B1Mx.c.o)
 .text.SCU_GetSysClkDiv
                0x00037c32       0x20 libGENERATED_SDK_TARGET.a(clock_YTM32B1Mx.c.o)
 .text.SCU_SetFastBusClkDiv
                0x00037c52       0x38 libGENERATED_SDK_TARGET.a(clock_YTM32B1Mx.c.o)
 .text.SCU_GetFastBusClkDiv
                0x00037c8a       0x20 libGENERATED_SDK_TARGET.a(clock_YTM32B1Mx.c.o)
 .text.SCU_SetSlowBusClkDiv
                0x00037caa       0x36 libGENERATED_SDK_TARGET.a(clock_YTM32B1Mx.c.o)
 .text.SCU_GetSlowBusClkDiv
                0x00037ce0       0x1e libGENERATED_SDK_TARGET.a(clock_YTM32B1Mx.c.o)
 .text.SCU_SetSysClkSrc
                0x00037cfe       0x36 libGENERATED_SDK_TARGET.a(clock_YTM32B1Mx.c.o)
 .text.SCU_GetSysClkSrc
                0x00037d34       0x1e libGENERATED_SDK_TARGET.a(clock_YTM32B1Mx.c.o)
 .text.SCU_SetClkOutSrc
                0x00037d52       0x36 libGENERATED_SDK_TARGET.a(clock_YTM32B1Mx.c.o)
 .text.SCU_SetClkOutDiv
                0x00037d88       0x36 libGENERATED_SDK_TARGET.a(clock_YTM32B1Mx.c.o)
 .text.SCU_EnableFxosc
                0x00037dbe       0x3c libGENERATED_SDK_TARGET.a(clock_YTM32B1Mx.c.o)
 .text.SCU_SetFxoscBypassMode
                0x00037dfa       0x3e libGENERATED_SDK_TARGET.a(clock_YTM32B1Mx.c.o)
 .text.SCU_SetFxoscComp
                0x00037e38       0x3e libGENERATED_SDK_TARGET.a(clock_YTM32B1Mx.c.o)
 .text.SCU_SetFxoscGain
                0x00037e76       0x38 libGENERATED_SDK_TARGET.a(clock_YTM32B1Mx.c.o)
 .text.SCU_EnableSxosc
                0x00037eae       0x3c libGENERATED_SDK_TARGET.a(clock_YTM32B1Mx.c.o)
 .text.SCU_SxoscDeepSleepEnable
                0x00037eea       0x3c libGENERATED_SDK_TARGET.a(clock_YTM32B1Mx.c.o)
 .text.SCU_SxoscStandbyEnable
                0x00037f26       0x3c libGENERATED_SDK_TARGET.a(clock_YTM32B1Mx.c.o)
 .text.SCU_SxoscPowerDownEnable
                0x00037f62       0x3c libGENERATED_SDK_TARGET.a(clock_YTM32B1Mx.c.o)
 .text.SCU_SetSxoscBypassMode
                0x00037f9e       0x3e libGENERATED_SDK_TARGET.a(clock_YTM32B1Mx.c.o)
 .text.SCU_SetPllRefClk
                0x00037fdc       0x38 libGENERATED_SDK_TARGET.a(clock_YTM32B1Mx.c.o)
 .text.SCU_GetPllRefClk
                0x00038014       0x20 libGENERATED_SDK_TARGET.a(clock_YTM32B1Mx.c.o)
 .text.SCU_SetPllFeedBackDiv
                0x00038034       0x3a libGENERATED_SDK_TARGET.a(clock_YTM32B1Mx.c.o)
 .text.SCU_GetPllFeedBackDiv
                0x0003806e       0x24 libGENERATED_SDK_TARGET.a(clock_YTM32B1Mx.c.o)
 .text.SCU_SetPllRefClkDiv
                0x00038092       0x3a libGENERATED_SDK_TARGET.a(clock_YTM32B1Mx.c.o)
 .text.SCU_GetPllRefClkDiv
                0x000380cc       0x24 libGENERATED_SDK_TARGET.a(clock_YTM32B1Mx.c.o)
 .text.SCU_EnablePll
                0x000380f0       0x3c libGENERATED_SDK_TARGET.a(clock_YTM32B1Mx.c.o)
 .text.SCU_GetPllLock
                0x0003812c       0x24 libGENERATED_SDK_TARGET.a(clock_YTM32B1Mx.c.o)
 .text.SCU_SircDeepSleepEnable
                0x00038150       0x3c libGENERATED_SDK_TARGET.a(clock_YTM32B1Mx.c.o)
 .text.SCU_SircStandbyEnable
                0x0003818c       0x3c libGENERATED_SDK_TARGET.a(clock_YTM32B1Mx.c.o)
 .text.SCU_SircPowerDownEnable
                0x000381c8       0x3c libGENERATED_SDK_TARGET.a(clock_YTM32B1Mx.c.o)
 .text.SCU_EnableFirc
                0x00038204       0x3c libGENERATED_SDK_TARGET.a(clock_YTM32B1Mx.c.o)
 .text.SCU_FircDeepSleepEnable
                0x00038240       0x3c libGENERATED_SDK_TARGET.a(clock_YTM32B1Mx.c.o)
 .text.SCU_GetFXOSCValid
                0x0003827c       0x24 libGENERATED_SDK_TARGET.a(clock_YTM32B1Mx.c.o)
 .text.SCU_GetDividerStable
                0x000382a0       0x28 libGENERATED_SDK_TARGET.a(clock_YTM32B1Mx.c.o)
 .text.SCU_SetCmuChEnable
                0x000382c8       0x48 libGENERATED_SDK_TARGET.a(clock_YTM32B1Mx.c.o)
 .text.SCU_SetCmuChResetEnable
                0x00038310       0x4c libGENERATED_SDK_TARGET.a(clock_YTM32B1Mx.c.o)
 .text.SCU_SetCmuChRefClock
                0x0003835c       0x42 libGENERATED_SDK_TARGET.a(clock_YTM32B1Mx.c.o)
 .text.SCU_SetCmuChCompHigh
                0x0003839e       0x26 libGENERATED_SDK_TARGET.a(clock_YTM32B1Mx.c.o)
 .text.SCU_SetCmuChCompLow
                0x000383c4       0x28 libGENERATED_SDK_TARGET.a(clock_YTM32B1Mx.c.o)
 .text.CLOCK_DRV_Init
                0x000383ec       0x3a libGENERATED_SDK_TARGET.a(clock_YTM32B1Mx.c.o)
                0x000383ec                CLOCK_DRV_Init
 *fill*         0x00038426        0x2 
 .text.CLOCK_SYS_DisableCmu
                0x00038428       0x20 libGENERATED_SDK_TARGET.a(clock_YTM32B1Mx.c.o)
 .text.CLOCK_SYS_ConfigureClkOut
                0x00038448       0x30 libGENERATED_SDK_TARGET.a(clock_YTM32B1Mx.c.o)
 .text.CLOCK_SYS_DisableClkOut
                0x00038478       0x14 libGENERATED_SDK_TARGET.a(clock_YTM32B1Mx.c.o)
 .text.CLOCK_SYS_SetScuConfiguration
                0x0003848c      0x2f0 libGENERATED_SDK_TARGET.a(clock_YTM32B1Mx.c.o)
 .text.CLOCK_SYS_SetDefaultCmuChannelConfiguration
                0x0003877c       0xa0 libGENERATED_SDK_TARGET.a(clock_YTM32B1Mx.c.o)
 .text.CLOCK_SYS_SetCmuChannelConfiguration
                0x0003881c       0x64 libGENERATED_SDK_TARGET.a(clock_YTM32B1Mx.c.o)
 .text.CLOCK_SYS_ConfigureSystemClock
                0x00038880       0x54 libGENERATED_SDK_TARGET.a(clock_YTM32B1Mx.c.o)
 .text.CLOCK_SCU_WaitPllLock
                0x000388d4       0x78 libGENERATED_SDK_TARGET.a(clock_YTM32B1Mx.c.o)
 .text.CLOCK_SCU_WaitDividerStable
                0x0003894c       0x40 libGENERATED_SDK_TARGET.a(clock_YTM32B1Mx.c.o)
 .text.CLOCK_SYS_WaitFXOSCValid
                0x0003898c       0x84 libGENERATED_SDK_TARGET.a(clock_YTM32B1Mx.c.o)
                0x0003898c                CLOCK_SYS_WaitFXOSCValid
 .text.CLOCK_GetIpcCtrlReg
                0x00038a10       0x30 libGENERATED_SDK_TARGET.a(clock_YTM32B1Mx.c.o)
 .text.CLOCK_SYS_SetIpcConfiguration
                0x00038a40       0x7e libGENERATED_SDK_TARGET.a(clock_YTM32B1Mx.c.o)
 .text.CLOCK_DRV_ResetModule
                0x00038abe       0x22 libGENERATED_SDK_TARGET.a(clock_YTM32B1Mx.c.o)
                0x00038abe                CLOCK_DRV_ResetModule
 .text.CLOCK_DRV_GetPllFreq
                0x00038ae0       0x7c libGENERATED_SDK_TARGET.a(clock_YTM32B1Mx.c.o)
                0x00038ae0                CLOCK_DRV_GetPllFreq
 .text.CLOCK_DRV_GetFreq
                0x00038b5c      0x1e4 libGENERATED_SDK_TARGET.a(clock_YTM32B1Mx.c.o)
                0x00038b5c                CLOCK_DRV_GetFreq
 .text.CLOCK_SYS_Init
                0x00038d40       0x44 libGENERATED_SDK_TARGET.a(clock_YTM32B1Mx.c.o)
                0x00038d40                CLOCK_SYS_Init
 .text.CLOCK_SYS_UpdateConfiguration
                0x00038d84      0x17c libGENERATED_SDK_TARGET.a(clock_YTM32B1Mx.c.o)
                0x00038d84                CLOCK_SYS_UpdateConfiguration
 .text.CLOCK_SYS_GetFreq
                0x00038f00       0x20 libGENERATED_SDK_TARGET.a(clock_YTM32B1Mx.c.o)
                0x00038f00                CLOCK_SYS_GetFreq
 .text.CLOCK_SYS_SetConfiguration
                0x00038f20       0x18 libGENERATED_SDK_TARGET.a(clock_YTM32B1Mx.c.o)
                0x00038f20                CLOCK_SYS_SetConfiguration
 .text.PINS_GPIO_SetPins
                0x00038f38       0x1a libGENERATED_SDK_TARGET.a(pins_driver.c.o)
 .text.PINS_GPIO_ClearPins
                0x00038f52       0x1a libGENERATED_SDK_TARGET.a(pins_driver.c.o)
 .text.PINS_GPIO_WritePin
                0x00038f6c       0x44 libGENERATED_SDK_TARGET.a(pins_driver.c.o)
 .text.PINS_GPIO_ReadPins
                0x00038fb0       0x1e libGENERATED_SDK_TARGET.a(pins_driver.c.o)
 .text.PINS_SetPinIntSel
                0x00038fce       0x44 libGENERATED_SDK_TARGET.a(pins_driver.c.o)
 .text.PINS_GetPortIntFlag
                0x00039012       0x1a libGENERATED_SDK_TARGET.a(pins_driver.c.o)
 .text.PINS_ClearPortIntFlagCmd
                0x0003902c       0x1a libGENERATED_SDK_TARGET.a(pins_driver.c.o)
 .text.PINS_DRV_Init
                0x00039046       0x3e libGENERATED_SDK_TARGET.a(pins_driver.c.o)
                0x00039046                PINS_DRV_Init
 .text.PINS_DRV_SetMuxModeSel
                0x00039084       0x22 libGENERATED_SDK_TARGET.a(pins_driver.c.o)
                0x00039084                PINS_DRV_SetMuxModeSel
 .text.PINS_DRV_SetPinIntSel
                0x000390a6       0x22 libGENERATED_SDK_TARGET.a(pins_driver.c.o)
                0x000390a6                PINS_DRV_SetPinIntSel
 .text.PINS_DRV_GetPortIntFlag
                0x000390c8       0x18 libGENERATED_SDK_TARGET.a(pins_driver.c.o)
                0x000390c8                PINS_DRV_GetPortIntFlag
 .text.PINS_DRV_ClearPortIntFlagCmd
                0x000390e0       0x16 libGENERATED_SDK_TARGET.a(pins_driver.c.o)
                0x000390e0                PINS_DRV_ClearPortIntFlagCmd
 .text.PINS_DRV_WritePin
                0x000390f6       0x22 libGENERATED_SDK_TARGET.a(pins_driver.c.o)
                0x000390f6                PINS_DRV_WritePin
 .text.PINS_DRV_SetPins
                0x00039118       0x1a libGENERATED_SDK_TARGET.a(pins_driver.c.o)
                0x00039118                PINS_DRV_SetPins
 .text.PINS_DRV_ClearPins
                0x00039132       0x1a libGENERATED_SDK_TARGET.a(pins_driver.c.o)
                0x00039132                PINS_DRV_ClearPins
 .text.PINS_DRV_ReadPins
                0x0003914c       0x18 libGENERATED_SDK_TARGET.a(pins_driver.c.o)
                0x0003914c                PINS_DRV_ReadPins
 .text.PINS_GPIO_SetPins
                0x00039164       0x1a libGENERATED_SDK_TARGET.a(pins_port_hw_access.c.o)
 .text.PINS_GPIO_ClearPins
                0x0003917e       0x1a libGENERATED_SDK_TARGET.a(pins_port_hw_access.c.o)
 .text.PINS_GPIO_WritePin
                0x00039198       0x44 libGENERATED_SDK_TARGET.a(pins_port_hw_access.c.o)
 .text.PINS_ConfigDigitalFilter
                0x000391dc       0x50 libGENERATED_SDK_TARGET.a(pins_port_hw_access.c.o)
 .text.PINS_Init
                0x0003922c      0x1f8 libGENERATED_SDK_TARGET.a(pins_port_hw_access.c.o)
                0x0003922c                PINS_Init
 .text.PINS_SetMuxModeSel
                0x00039424       0x42 libGENERATED_SDK_TARGET.a(pins_port_hw_access.c.o)
                0x00039424                PINS_SetMuxModeSel
 *fill*         0x00039466        0x2 
 .text.__NVIC_EnableIRQ
                0x00039468       0x38 libGENERATED_SDK_TARGET.a(interrupt_manager.c.o)
 .text.__NVIC_DisableIRQ
                0x000394a0       0x48 libGENERATED_SDK_TARGET.a(interrupt_manager.c.o)
 .text.__NVIC_SetPriority
                0x000394e8       0x54 libGENERATED_SDK_TARGET.a(interrupt_manager.c.o)
 .text.__NVIC_GetPriority
                0x0003953c       0x4c libGENERATED_SDK_TARGET.a(interrupt_manager.c.o)
 .text.INT_SYS_InstallHandler
                0x00039588       0x4c libGENERATED_SDK_TARGET.a(interrupt_manager.c.o)
                0x00039588                INT_SYS_InstallHandler
 .text.INT_SYS_EnableIRQ
                0x000395d4       0x1c libGENERATED_SDK_TARGET.a(interrupt_manager.c.o)
                0x000395d4                INT_SYS_EnableIRQ
 .text.INT_SYS_DisableIRQ
                0x000395f0       0x1c libGENERATED_SDK_TARGET.a(interrupt_manager.c.o)
                0x000395f0                INT_SYS_DisableIRQ
 .text.INT_SYS_EnableIRQGlobal
                0x0003960c       0x30 libGENERATED_SDK_TARGET.a(interrupt_manager.c.o)
                0x0003960c                INT_SYS_EnableIRQGlobal
 .text.INT_SYS_DisableIRQGlobal
                0x0003963c       0x20 libGENERATED_SDK_TARGET.a(interrupt_manager.c.o)
                0x0003963c                INT_SYS_DisableIRQGlobal
 .text.INT_SYS_SetPriority
                0x0003965c       0x26 libGENERATED_SDK_TARGET.a(interrupt_manager.c.o)
                0x0003965c                INT_SYS_SetPriority
 .text.INT_SYS_GetPriority
                0x00039682       0x20 libGENERATED_SDK_TARGET.a(interrupt_manager.c.o)
                0x00039682                INT_SYS_GetPriority
 .text.DMA_ClearErrorIntStatusFlag
                0x000396a2       0x20 libGENERATED_SDK_TARGET.a(dma_driver.c.o)
 .text.DMA_ClearDoneStatusFlag
                0x000396c2       0x20 libGENERATED_SDK_TARGET.a(dma_driver.c.o)
 .text.DMA_ClearIntStatusFlag
                0x000396e2       0x24 libGENERATED_SDK_TARGET.a(dma_driver.c.o)
 .text.DMA_GetIntStatusFlag
                0x00039706       0x2e libGENERATED_SDK_TARGET.a(dma_driver.c.o)
 .text.DMA_DRV_Deinit
                0x00039734       0x90 libGENERATED_SDK_TARGET.a(dma_driver.c.o)
                0x00039734                DMA_DRV_Deinit
 .text.DMA_DRV_ReleaseChannel
                0x000397c4       0x5c libGENERATED_SDK_TARGET.a(dma_driver.c.o)
                0x000397c4                DMA_DRV_ReleaseChannel
 .text.DMA_DRV_ClearIntStatus
                0x00039820       0x3c libGENERATED_SDK_TARGET.a(dma_driver.c.o)
 .text.DMA_DRV_GetIntStatus
                0x0003985c       0x34 libGENERATED_SDK_TARGET.a(dma_driver.c.o)
 .text.DMA_DRV_IRQHandler
                0x00039890       0x58 libGENERATED_SDK_TARGET.a(dma_driver.c.o)
                0x00039890                DMA_DRV_IRQHandler
 .text.DMA_DRV_ErrorIRQHandler
                0x000398e8       0x7c libGENERATED_SDK_TARGET.a(dma_driver.c.o)
                0x000398e8                DMA_DRV_ErrorIRQHandler
 .text.DMA_DRV_StopChannel
                0x00039964       0x38 libGENERATED_SDK_TARGET.a(dma_driver.c.o)
                0x00039964                DMA_DRV_StopChannel
 .text.DMA_DRV_GetDmaRegBaseAddr
                0x0003999c       0x18 libGENERATED_SDK_TARGET.a(dma_driver.c.o)
                0x0003999c                DMA_DRV_GetDmaRegBaseAddr
 .text.DMA_DRV_ClearStructure
                0x000399b4       0x34 libGENERATED_SDK_TARGET.a(dma_driver.c.o)
 .text.DMA_SetDmaRequestCmd
                0x000399e8       0x84 libGENERATED_SDK_TARGET.a(dma_hw_access.c.o)
                0x000399e8                DMA_SetDmaRequestCmd
 .text.DMA_GetErrorIntStatusFlag
                0x00039a6c       0x16 libGENERATED_SDK_TARGET.a(dma_irq.c.o)
 .text.DMA0_IRQHandler
                0x00039a82        0xe libGENERATED_SDK_TARGET.a(dma_irq.c.o)
                0x00039a82                DMA0_IRQHandler
 .text.DMA1_IRQHandler
                0x00039a90        0xe libGENERATED_SDK_TARGET.a(dma_irq.c.o)
                0x00039a90                DMA1_IRQHandler
 .text.DMA2_IRQHandler
                0x00039a9e        0xe libGENERATED_SDK_TARGET.a(dma_irq.c.o)
                0x00039a9e                DMA2_IRQHandler
 .text.DMA3_IRQHandler
                0x00039aac        0xe libGENERATED_SDK_TARGET.a(dma_irq.c.o)
                0x00039aac                DMA3_IRQHandler
 .text.DMA4_IRQHandler
                0x00039aba        0xe libGENERATED_SDK_TARGET.a(dma_irq.c.o)
                0x00039aba                DMA4_IRQHandler
 .text.DMA5_IRQHandler
                0x00039ac8        0xe libGENERATED_SDK_TARGET.a(dma_irq.c.o)
                0x00039ac8                DMA5_IRQHandler
 .text.DMA6_IRQHandler
                0x00039ad6        0xe libGENERATED_SDK_TARGET.a(dma_irq.c.o)
                0x00039ad6                DMA6_IRQHandler
 .text.DMA7_IRQHandler
                0x00039ae4        0xe libGENERATED_SDK_TARGET.a(dma_irq.c.o)
                0x00039ae4                DMA7_IRQHandler
 .text.DMA8_IRQHandler
                0x00039af2        0xe libGENERATED_SDK_TARGET.a(dma_irq.c.o)
                0x00039af2                DMA8_IRQHandler
 .text.DMA9_IRQHandler
                0x00039b00        0xe libGENERATED_SDK_TARGET.a(dma_irq.c.o)
                0x00039b00                DMA9_IRQHandler
 .text.DMA10_IRQHandler
                0x00039b0e        0xe libGENERATED_SDK_TARGET.a(dma_irq.c.o)
                0x00039b0e                DMA10_IRQHandler
 .text.DMA11_IRQHandler
                0x00039b1c        0xe libGENERATED_SDK_TARGET.a(dma_irq.c.o)
                0x00039b1c                DMA11_IRQHandler
 .text.DMA12_IRQHandler
                0x00039b2a        0xe libGENERATED_SDK_TARGET.a(dma_irq.c.o)
                0x00039b2a                DMA12_IRQHandler
 .text.DMA13_IRQHandler
                0x00039b38        0xe libGENERATED_SDK_TARGET.a(dma_irq.c.o)
                0x00039b38                DMA13_IRQHandler
 .text.DMA14_IRQHandler
                0x00039b46        0xe libGENERATED_SDK_TARGET.a(dma_irq.c.o)
                0x00039b46                DMA14_IRQHandler
 .text.DMA15_IRQHandler
                0x00039b54        0xe libGENERATED_SDK_TARGET.a(dma_irq.c.o)
                0x00039b54                DMA15_IRQHandler
 .text.DMA_Error_IRQHandler
                0x00039b62       0x4a libGENERATED_SDK_TARGET.a(dma_irq.c.o)
                0x00039b62                DMA_Error_IRQHandler
 .text.FLEXCAN_IsEnabled
                0x00039bac       0x1c libGENERATED_SDK_TARGET.a(flexcan_driver.c.o)
 .text.FLEXCAN_SelectClock
                0x00039bc8       0x2c libGENERATED_SDK_TARGET.a(flexcan_driver.c.o)
 .text.FLEXCAN_SetTimeSegments
                0x00039bf4       0x60 libGENERATED_SDK_TARGET.a(flexcan_driver.c.o)
 .text.FLEXCAN_SetExtendedTimeSegments
                0x00039c54       0x88 libGENERATED_SDK_TARGET.a(flexcan_driver.c.o)
 .text.FLEXCAN_SetFDTimeSegments
                0x00039cdc       0x8c libGENERATED_SDK_TARGET.a(flexcan_driver.c.o)
 .text.FLEXCAN_SetFDEnabled
                0x00039d68       0x5e libGENERATED_SDK_TARGET.a(flexcan_driver.c.o)
 .text.FLEXCAN_IsFDEnabled
                0x00039dc6       0x24 libGENERATED_SDK_TARGET.a(flexcan_driver.c.o)
 .text.FLEXCAN_UnlockRxMsgBuff
                0x00039dea       0x16 libGENERATED_SDK_TARGET.a(flexcan_driver.c.o)
 .text.FLEXCAN_IsEnhanceRxFifoEnabled
                0x00039e00       0x1c libGENERATED_SDK_TARGET.a(flexcan_driver.c.o)
 .text.FLEXCAN_IsRxFifoEnabled
                0x00039e1c       0x24 libGENERATED_SDK_TARGET.a(flexcan_driver.c.o)
 .text.FLEXCAN_GetMsgBuffIntStatusFlag
                0x00039e40       0x6c libGENERATED_SDK_TARGET.a(flexcan_driver.c.o)
 .text.FLEXCAN_ClearMsgBuffIntStatusFlag
                0x00039eac       0x40 libGENERATED_SDK_TARGET.a(flexcan_driver.c.o)
 .text.FLEXCAN_SetStuffBitCount
                0x00039eec       0x32 libGENERATED_SDK_TARGET.a(flexcan_driver.c.o)
 .text.FLEXCAN_SetSelfReception
                0x00039f1e       0x32 libGENERATED_SDK_TARGET.a(flexcan_driver.c.o)
 .text.FLEXCAN_InstanceHasFD
                0x00039f50       0x20 libGENERATED_SDK_TARGET.a(flexcan_driver.c.o)
 .text.FLEXCAN_InstanceHasEnhanceRxFIFO
                0x00039f70       0x28 libGENERATED_SDK_TARGET.a(flexcan_driver.c.o)
 .text.FLEXCAN_SetRxFifoDMA
                0x00039f98       0x32 libGENERATED_SDK_TARGET.a(flexcan_driver.c.o)
 .text.FLEXCAN_SetEnhanceRxFifoDMALastWord
                0x00039fca       0x2e libGENERATED_SDK_TARGET.a(flexcan_driver.c.o)
 .text.FLEXCAN_GetWAKINT
                0x00039ff8       0x1e libGENERATED_SDK_TARGET.a(flexcan_driver.c.o)
 .text.FLEXCAN_ClearWAKINT
                0x0003a016       0x1e libGENERATED_SDK_TARGET.a(flexcan_driver.c.o)
 .text.FLEXCAN_SetEnhanceRxFIFOOverflowINT
                0x0003a034       0x36 libGENERATED_SDK_TARGET.a(flexcan_driver.c.o)
 .text.FLEXCAN_SetEnhanceRxFIFOWatermarkIndINT
                0x0003a06a       0x36 libGENERATED_SDK_TARGET.a(flexcan_driver.c.o)
 .text.FLEXCAN_SetEnhanceRxFIFODataAvailableINT
                0x0003a0a0       0x36 libGENERATED_SDK_TARGET.a(flexcan_driver.c.o)
 .text.FLEXCAN_GetEnhanceRxFIFOOverflowStatusFlag
                0x0003a0d6       0x22 libGENERATED_SDK_TARGET.a(flexcan_driver.c.o)
 .text.FLEXCAN_GetEnhanceRxFIFOWatermarkIndStatusFlag
                0x0003a0f8       0x22 libGENERATED_SDK_TARGET.a(flexcan_driver.c.o)
 .text.FLEXCAN_GetEnhanceRxFIFODataAvailableStatusFlag
                0x0003a11a       0x22 libGENERATED_SDK_TARGET.a(flexcan_driver.c.o)
 .text.FLEXCAN_ClearEnhanceRxFIFOOverflowStatusFlag
                0x0003a13c       0x1c libGENERATED_SDK_TARGET.a(flexcan_driver.c.o)
 .text.FLEXCAN_ClearEnhanceRxFIFOWatermarkIndStatusFlag
                0x0003a158       0x1c libGENERATED_SDK_TARGET.a(flexcan_driver.c.o)
 .text.FLEXCAN_ClearEnhanceRxFIFODataAvailableStatusFlag
                0x0003a174       0x1c libGENERATED_SDK_TARGET.a(flexcan_driver.c.o)
 .text.FLEXCAN_EnableIRQs
                0x0003a190       0xa4 libGENERATED_SDK_TARGET.a(flexcan_driver.c.o)
 .text.FLEXCAN_DRV_Init
                0x0003a234      0x360 libGENERATED_SDK_TARGET.a(flexcan_driver.c.o)
                0x0003a234                FLEXCAN_DRV_Init
 .text.FLEXCAN_DRV_Deinit
                0x0003a594      0x178 libGENERATED_SDK_TARGET.a(flexcan_driver.c.o)
                0x0003a594                FLEXCAN_DRV_Deinit
 .text.FLEXCAN_IRQHandlerRxFIFO
                0x0003a70c       0xdc libGENERATED_SDK_TARGET.a(flexcan_driver.c.o)
 .text.FLEXCAN_IRQHandlerRxMB
                0x0003a7e8       0xdc libGENERATED_SDK_TARGET.a(flexcan_driver.c.o)
 .text.FLEXCAN_ORed_IRQHandler
                0x0003a8c4       0xac libGENERATED_SDK_TARGET.a(flexcan_driver.c.o)
                0x0003a8c4                FLEXCAN_ORed_IRQHandler
 .text.FLEXCAN_IRQHandler
                0x0003a970      0x20c libGENERATED_SDK_TARGET.a(flexcan_driver.c.o)
                0x0003a970                FLEXCAN_IRQHandler
 .text.FLEXCAN_EnhanceRxFifo_IRQHandler
                0x0003ab7c       0xf4 libGENERATED_SDK_TARGET.a(flexcan_driver.c.o)
                0x0003ab7c                FLEXCAN_EnhanceRxFifo_IRQHandler
 .text.FLEXCAN_Error_IRQHandler
                0x0003ac70       0xc8 libGENERATED_SDK_TARGET.a(flexcan_driver.c.o)
                0x0003ac70                FLEXCAN_Error_IRQHandler
 .text.FLEXCAN_WakeUpHandler
                0x0003ad38       0x5c libGENERATED_SDK_TARGET.a(flexcan_driver.c.o)
                0x0003ad38                FLEXCAN_WakeUpHandler
 .text.FLEXCAN_CompleteTransfer
                0x0003ad94       0x64 libGENERATED_SDK_TARGET.a(flexcan_driver.c.o)
 .text.FLEXCAN_CompleteRxMessageFifoData
                0x0003adf8      0x118 libGENERATED_SDK_TARGET.a(flexcan_driver.c.o)
 .text.FLEXCAN_CompleteRxMessageEnhanceFifoData
                0x0003af10       0x80 libGENERATED_SDK_TARGET.a(flexcan_driver.c.o)
 .text.FLEXCAN_GetFreezeMode
                0x0003af90       0x26 libGENERATED_SDK_TARGET.a(flexcan_hw_access.c.o)
 .text.FLEXCAN_IsFDEnabled
                0x0003afb6       0x24 libGENERATED_SDK_TARGET.a(flexcan_hw_access.c.o)
 .text.FLEXCAN_IsEnhanceRxFifoEnabled
                0x0003afda       0x1c libGENERATED_SDK_TARGET.a(flexcan_hw_access.c.o)
 .text.FLEXCAN_IsRxFifoEnabled
                0x0003aff6       0x24 libGENERATED_SDK_TARGET.a(flexcan_hw_access.c.o)
 .text.FLEXCAN_SetSelfReception
                0x0003b01a       0x32 libGENERATED_SDK_TARGET.a(flexcan_hw_access.c.o)
 .text.FLEXCAN_HasHRTIMESTAMP
                0x0003b04c       0x5c libGENERATED_SDK_TARGET.a(flexcan_hw_access.c.o)
 .text.FLEXCAN_HasEnhanceRxFIFO
                0x0003b0a8       0x5c libGENERATED_SDK_TARGET.a(flexcan_hw_access.c.o)
 .text.FLEXCAN_ComputePayloadSize
                0x0003b104       0x7c libGENERATED_SDK_TARGET.a(flexcan_hw_access.c.o)
 .text.FLEXCAN_GetMaxMbNum
                0x0003b180       0x4c libGENERATED_SDK_TARGET.a(flexcan_hw_access.c.o)
                0x0003b180                FLEXCAN_GetMaxMbNum
 .text.FLEXCAN_ClearRAM
                0x0003b1cc      0x1be libGENERATED_SDK_TARGET.a(flexcan_hw_access.c.o)
 .text.FLEXCAN_GetMsgBuffRegion
                0x0003b38a       0x6c libGENERATED_SDK_TARGET.a(flexcan_hw_access.c.o)
                0x0003b38a                FLEXCAN_GetMsgBuffRegion
 .text.FLEXCAN_Enable
                0x0003b3f6       0x2c libGENERATED_SDK_TARGET.a(flexcan_hw_access.c.o)
                0x0003b3f6                FLEXCAN_Enable
 .text.FLEXCAN_Disable
                0x0003b422       0x34 libGENERATED_SDK_TARGET.a(flexcan_hw_access.c.o)
                0x0003b422                FLEXCAN_Disable
 *fill*         0x0003b456        0x2 
 .text.FLEXCAN_Init
                0x0003b458       0xbc libGENERATED_SDK_TARGET.a(flexcan_hw_access.c.o)
                0x0003b458                FLEXCAN_Init
 .text.FLEXCAN_GetMsgBuff
                0x0003b514      0x124 libGENERATED_SDK_TARGET.a(flexcan_hw_access.c.o)
                0x0003b514                FLEXCAN_GetMsgBuff
 .text.FLEXCAN_LockRxMsgBuff
                0x0003b638       0x20 libGENERATED_SDK_TARGET.a(flexcan_hw_access.c.o)
                0x0003b638                FLEXCAN_LockRxMsgBuff
 .text.FLEXCAN_EnableRxFifo
                0x0003b658       0xa4 libGENERATED_SDK_TARGET.a(flexcan_hw_access.c.o)
                0x0003b658                FLEXCAN_EnableRxFifo
 .text.FLEXCAN_EnableEnhanceRxFifo
                0x0003b6fc       0xd0 libGENERATED_SDK_TARGET.a(flexcan_hw_access.c.o)
                0x0003b6fc                FLEXCAN_EnableEnhanceRxFifo
 .text.FLEXCAN_SetEnhanceRxFifoWatermark
                0x0003b7cc       0x52 libGENERATED_SDK_TARGET.a(flexcan_hw_access.c.o)
                0x0003b7cc                FLEXCAN_SetEnhanceRxFifoWatermark
 .text.FLEXCAN_SetMaxMsgBuffNum
                0x0003b81e      0x176 libGENERATED_SDK_TARGET.a(flexcan_hw_access.c.o)
                0x0003b81e                FLEXCAN_SetMaxMsgBuffNum
 .text.FLEXCAN_SetMsgBuffIntCmd
                0x0003b994       0x88 libGENERATED_SDK_TARGET.a(flexcan_hw_access.c.o)
                0x0003b994                FLEXCAN_SetMsgBuffIntCmd
 .text.FLEXCAN_SetErrIntCmd
                0x0003ba1c       0xaa libGENERATED_SDK_TARGET.a(flexcan_hw_access.c.o)
                0x0003ba1c                FLEXCAN_SetErrIntCmd
 .text.FLEXCAN_ExitFreezeMode
                0x0003bac6       0x3a libGENERATED_SDK_TARGET.a(flexcan_hw_access.c.o)
                0x0003bac6                FLEXCAN_ExitFreezeMode
 .text.FLEXCAN_EnterFreezeMode
                0x0003bb00      0x132 libGENERATED_SDK_TARGET.a(flexcan_hw_access.c.o)
                0x0003bb00                FLEXCAN_EnterFreezeMode
 *fill*         0x0003bc32        0x2 
 .text.FLEXCAN_ClearErrIntStatusFlag
                0x0003bc34       0x2c libGENERATED_SDK_TARGET.a(flexcan_hw_access.c.o)
                0x0003bc34                FLEXCAN_ClearErrIntStatusFlag
 .text.FLEXCAN_ClearBusOffIntStatusFlag
                0x0003bc60       0x28 libGENERATED_SDK_TARGET.a(flexcan_hw_access.c.o)
                0x0003bc60                FLEXCAN_ClearBusOffIntStatusFlag
 .text.FLEXCAN_ReadRxFifo
                0x0003bc88       0xbc libGENERATED_SDK_TARGET.a(flexcan_hw_access.c.o)
                0x0003bc88                FLEXCAN_ReadRxFifo
 .text.FLEXCAN_ReadEnhanceRxFifo
                0x0003bd44       0xaa libGENERATED_SDK_TARGET.a(flexcan_hw_access.c.o)
                0x0003bd44                FLEXCAN_ReadEnhanceRxFifo
 *fill*         0x0003bdee        0x2 
 .text.FLEXCAN_SetOperationMode
                0x0003bdf0       0xa4 libGENERATED_SDK_TARGET.a(flexcan_hw_access.c.o)
                0x0003bdf0                FLEXCAN_SetOperationMode
 .text.FLEXCAN_SetPayloadSize
                0x0003be94       0x54 libGENERATED_SDK_TARGET.a(flexcan_hw_access.c.o)
                0x0003be94                FLEXCAN_SetPayloadSize
 .text.FLEXCAN_GetPayloadSize
                0x0003bee8       0x42 libGENERATED_SDK_TARGET.a(flexcan_hw_access.c.o)
                0x0003bee8                FLEXCAN_GetPayloadSize
 .text.CAN0_ORed_IRQHandler
                0x0003bf2a        0xe libGENERATED_SDK_TARGET.a(flexcan_irq.c.o)
                0x0003bf2a                CAN0_ORed_IRQHandler
 .text.CAN0_Error_IRQHandler
                0x0003bf38        0xe libGENERATED_SDK_TARGET.a(flexcan_irq.c.o)
                0x0003bf38                CAN0_Error_IRQHandler
 .text.CAN0_Wake_Up_IRQHandler
                0x0003bf46        0xe libGENERATED_SDK_TARGET.a(flexcan_irq.c.o)
                0x0003bf46                CAN0_Wake_Up_IRQHandler
 .text.CAN0_ORed_0_15_MB_IRQHandler
                0x0003bf54       0x12 libGENERATED_SDK_TARGET.a(flexcan_irq.c.o)
                0x0003bf54                CAN0_ORed_0_15_MB_IRQHandler
 .text.CAN0_ORed_16_31_MB_IRQHandler
                0x0003bf66       0x12 libGENERATED_SDK_TARGET.a(flexcan_irq.c.o)
                0x0003bf66                CAN0_ORed_16_31_MB_IRQHandler
 .text.CAN0_ORed_32_47_MB_IRQHandler
                0x0003bf78       0x12 libGENERATED_SDK_TARGET.a(flexcan_irq.c.o)
                0x0003bf78                CAN0_ORed_32_47_MB_IRQHandler
 .text.CAN0_ORed_48_63_MB_IRQHandler
                0x0003bf8a       0x12 libGENERATED_SDK_TARGET.a(flexcan_irq.c.o)
                0x0003bf8a                CAN0_ORed_48_63_MB_IRQHandler
 .text.CAN1_ORed_IRQHandler
                0x0003bf9c        0xe libGENERATED_SDK_TARGET.a(flexcan_irq.c.o)
                0x0003bf9c                CAN1_ORed_IRQHandler
 .text.CAN1_Error_IRQHandler
                0x0003bfaa        0xe libGENERATED_SDK_TARGET.a(flexcan_irq.c.o)
                0x0003bfaa                CAN1_Error_IRQHandler
 .text.CAN1_Wake_Up_IRQHandler
                0x0003bfb8        0xe libGENERATED_SDK_TARGET.a(flexcan_irq.c.o)
                0x0003bfb8                CAN1_Wake_Up_IRQHandler
 .text.CAN1_ORed_0_15_MB_IRQHandler
                0x0003bfc6       0x12 libGENERATED_SDK_TARGET.a(flexcan_irq.c.o)
                0x0003bfc6                CAN1_ORed_0_15_MB_IRQHandler
 .text.CAN1_ORed_16_31_MB_IRQHandler
                0x0003bfd8       0x12 libGENERATED_SDK_TARGET.a(flexcan_irq.c.o)
                0x0003bfd8                CAN1_ORed_16_31_MB_IRQHandler
 .text.CAN1_ORed_32_47_MB_IRQHandler
                0x0003bfea       0x12 libGENERATED_SDK_TARGET.a(flexcan_irq.c.o)
                0x0003bfea                CAN1_ORed_32_47_MB_IRQHandler
 .text.CAN1_ORed_48_63_MB_IRQHandler
                0x0003bffc       0x12 libGENERATED_SDK_TARGET.a(flexcan_irq.c.o)
                0x0003bffc                CAN1_ORed_48_63_MB_IRQHandler
 .text.CAN2_ORed_IRQHandler
                0x0003c00e        0xe libGENERATED_SDK_TARGET.a(flexcan_irq.c.o)
                0x0003c00e                CAN2_ORed_IRQHandler
 .text.CAN2_Error_IRQHandler
                0x0003c01c        0xe libGENERATED_SDK_TARGET.a(flexcan_irq.c.o)
                0x0003c01c                CAN2_Error_IRQHandler
 .text.CAN2_Wake_Up_IRQHandler
                0x0003c02a        0xe libGENERATED_SDK_TARGET.a(flexcan_irq.c.o)
                0x0003c02a                CAN2_Wake_Up_IRQHandler
 .text.CAN2_ORed_0_15_MB_IRQHandler
                0x0003c038       0x12 libGENERATED_SDK_TARGET.a(flexcan_irq.c.o)
                0x0003c038                CAN2_ORed_0_15_MB_IRQHandler
 .text.CAN2_ORed_16_31_MB_IRQHandler
                0x0003c04a       0x12 libGENERATED_SDK_TARGET.a(flexcan_irq.c.o)
                0x0003c04a                CAN2_ORed_16_31_MB_IRQHandler
 .text.CAN2_ORed_32_47_MB_IRQHandler
                0x0003c05c       0x12 libGENERATED_SDK_TARGET.a(flexcan_irq.c.o)
                0x0003c05c                CAN2_ORed_32_47_MB_IRQHandler
 .text.CAN2_ORed_48_63_MB_IRQHandler
                0x0003c06e       0x12 libGENERATED_SDK_TARGET.a(flexcan_irq.c.o)
                0x0003c06e                CAN2_ORed_48_63_MB_IRQHandler
 .text.CAN3_ORed_IRQHandler
                0x0003c080        0xe libGENERATED_SDK_TARGET.a(flexcan_irq.c.o)
                0x0003c080                CAN3_ORed_IRQHandler
 .text.CAN3_Error_IRQHandler
                0x0003c08e        0xe libGENERATED_SDK_TARGET.a(flexcan_irq.c.o)
                0x0003c08e                CAN3_Error_IRQHandler
 .text.CAN3_Wake_Up_IRQHandler
                0x0003c09c        0xe libGENERATED_SDK_TARGET.a(flexcan_irq.c.o)
                0x0003c09c                CAN3_Wake_Up_IRQHandler
 .text.CAN3_ORed_0_15_MB_IRQHandler
                0x0003c0aa       0x12 libGENERATED_SDK_TARGET.a(flexcan_irq.c.o)
                0x0003c0aa                CAN3_ORed_0_15_MB_IRQHandler
 .text.CAN3_ORed_16_31_MB_IRQHandler
                0x0003c0bc       0x12 libGENERATED_SDK_TARGET.a(flexcan_irq.c.o)
                0x0003c0bc                CAN3_ORed_16_31_MB_IRQHandler
 .text.CAN4_ORed_IRQHandler
                0x0003c0ce        0xe libGENERATED_SDK_TARGET.a(flexcan_irq.c.o)
                0x0003c0ce                CAN4_ORed_IRQHandler
 .text.CAN4_Error_IRQHandler
                0x0003c0dc        0xe libGENERATED_SDK_TARGET.a(flexcan_irq.c.o)
                0x0003c0dc                CAN4_Error_IRQHandler
 .text.CAN4_Wake_Up_IRQHandler
                0x0003c0ea        0xe libGENERATED_SDK_TARGET.a(flexcan_irq.c.o)
                0x0003c0ea                CAN4_Wake_Up_IRQHandler
 .text.CAN4_ORed_0_15_MB_IRQHandler
                0x0003c0f8       0x12 libGENERATED_SDK_TARGET.a(flexcan_irq.c.o)
                0x0003c0f8                CAN4_ORed_0_15_MB_IRQHandler
 .text.CAN4_ORed_16_31_MB_IRQHandler
                0x0003c10a       0x12 libGENERATED_SDK_TARGET.a(flexcan_irq.c.o)
                0x0003c10a                CAN4_ORed_16_31_MB_IRQHandler
 .text.CAN5_ORed_IRQHandler
                0x0003c11c        0xe libGENERATED_SDK_TARGET.a(flexcan_irq.c.o)
                0x0003c11c                CAN5_ORed_IRQHandler
 .text.CAN5_Error_IRQHandler
                0x0003c12a        0xe libGENERATED_SDK_TARGET.a(flexcan_irq.c.o)
                0x0003c12a                CAN5_Error_IRQHandler
 .text.CAN5_Wake_Up_IRQHandler
                0x0003c138        0xe libGENERATED_SDK_TARGET.a(flexcan_irq.c.o)
                0x0003c138                CAN5_Wake_Up_IRQHandler
 .text.CAN5_ORed_0_15_MB_IRQHandler
                0x0003c146       0x12 libGENERATED_SDK_TARGET.a(flexcan_irq.c.o)
                0x0003c146                CAN5_ORed_0_15_MB_IRQHandler
 .text.CAN5_ORed_16_31_MB_IRQHandler
                0x0003c158       0x12 libGENERATED_SDK_TARGET.a(flexcan_irq.c.o)
                0x0003c158                CAN5_ORed_16_31_MB_IRQHandler
 *fill*         0x0003c16a        0x2 
 .text.TMU_DRV_Init
                0x0003c16c       0x64 libGENERATED_SDK_TARGET.a(tmu_driver.c.o)
                0x0003c16c                TMU_DRV_Init
 .text.TMU_DRV_Deinit
                0x0003c1d0       0x24 libGENERATED_SDK_TARGET.a(tmu_driver.c.o)
                0x0003c1d0                TMU_DRV_Deinit
 .text.TMU_Init
                0x0003c1f4       0x34 libGENERATED_SDK_TARGET.a(tmu_hw_access.c.o)
                0x0003c1f4                TMU_Init
 .text.TMU_SetTrigSourceForTargetModule
                0x0003c228       0xa0 libGENERATED_SDK_TARGET.a(tmu_hw_access.c.o)
                0x0003c228                TMU_SetTrigSourceForTargetModule
 .text.pTMR_Enable
                0x0003c2c8       0x3a libGENERATED_SDK_TARGET.a(ptmr_driver.c.o)
 .text.pTMR_Disable
                0x0003c302       0x1e libGENERATED_SDK_TARGET.a(ptmr_driver.c.o)
 .text.pTMR_Reset
                0x0003c320       0x84 libGENERATED_SDK_TARGET.a(ptmr_driver.c.o)
 .text.pTMR_StartTimerChannels
                0x0003c3a4       0x34 libGENERATED_SDK_TARGET.a(ptmr_driver.c.o)
 .text.pTMR_StopTimerChannels
                0x0003c3d8       0x34 libGENERATED_SDK_TARGET.a(ptmr_driver.c.o)
 .text.pTMR_SetTimerPeriodByCount
                0x0003c40c       0x24 libGENERATED_SDK_TARGET.a(ptmr_driver.c.o)
 .text.pTMR_EnableInterruptTimerChannels
                0x0003c430       0x34 libGENERATED_SDK_TARGET.a(ptmr_driver.c.o)
 .text.pTMR_DisableInterruptTimerChannels
                0x0003c464       0x34 libGENERATED_SDK_TARGET.a(ptmr_driver.c.o)
 .text.pTMR_ClearInterruptFlagTimerChannels
                0x0003c498       0x54 libGENERATED_SDK_TARGET.a(ptmr_driver.c.o)
 .text.pTMR_SetTimerChannelChainCmd
                0x0003c4ec       0x62 libGENERATED_SDK_TARGET.a(ptmr_driver.c.o)
 .text.pTMR_SetTimerRunInDebugCmd
                0x0003c54e       0x38 libGENERATED_SDK_TARGET.a(ptmr_driver.c.o)
 *fill*         0x0003c586        0x2 
 .text.pTMR_DRV_Init
                0x0003c588       0x3c libGENERATED_SDK_TARGET.a(ptmr_driver.c.o)
                0x0003c588                pTMR_DRV_Init
 .text.pTMR_DRV_Deinit
                0x0003c5c4       0x5c libGENERATED_SDK_TARGET.a(ptmr_driver.c.o)
                0x0003c5c4                pTMR_DRV_Deinit
 .text.pTMR_DRV_InitChannel
                0x0003c620       0x94 libGENERATED_SDK_TARGET.a(ptmr_driver.c.o)
                0x0003c620                pTMR_DRV_InitChannel
 .text.pTMR_DRV_StartTimerChannels
                0x0003c6b4       0x24 libGENERATED_SDK_TARGET.a(ptmr_driver.c.o)