*** Using Compiler 'V6.24', folder: 'C:\Users\liury\AppData\Local\Keil_v5\ARM\ARMCLANG\Bin'
Rebuild target 'Project'
compiling app_ble.c...
compiling app_btdm.c...
compiling app_task.c...
compiling main.c...
compiling mp3_sample.c...
../Src/app_at.c(453): warning: passing 'char[15]' to parameter of type 'const uint8_t *' (aka 'const unsigned char *') converts between pointers to integer types where one is of the unique plain 'char' type and the other is not [-Wpointer-sign]
  453 |             ME_SetLocalDeviceName("FR30xx_SDK_APP", 15);            
      |                                   ^~~~~~~~~~~~~~~~
../../../../components/btdm/include\me_api.h(2693): note: passing argument to parameter 'name' here
 2693 | BtStatus ME_SetLocalDeviceName(const uint8_t *name, uint8_t len);
      |                                               ^
1 warning generated.
compiling app_at.c...
../Src/app_bt.c(444): warning: format specifies type 'unsigned long' but the argument has type 'uint32_t' (aka 'unsigned int') [-Wformat]
  444 |         printf("Numeric Comparison Passkey = %06lu\r\n", passkey);
      |                                              ~~~~~       ^~~~~~~
      |                                              %06u
1 warning generated.
compiling app_bt.c...
compiling app_audio.c...
compiling app_rpmsg.c...
compiling msbc_sample.c...
compiling sbc_sample.c...
compiling app_hid_sdp.c...
compiling simple_gatt_service.c...
compiling AMS_client.c...
compiling user_bt.c...
compiling hid_service.c...
compiling btdm_mem.c...
compiling ANCS_AMS_client.c...
assembling controller_code.s...
compiling controller.c...
compiling batt_service.c...
assembling dsp_code_rom.s...
compiling host.c...
assembling startup_fr30xx.s...
compiling fal_flash_port.c...
compiling SWD.c...
compiling fdb_app.c...
compiling driver_cali.c...
compiling trim_fr30xx.c...
compiling driver_efuse.c...
compiling driver_frspim.c...
compiling system_fr30xx.c...
compiling driver_gpio.c...
compiling driver_flash.c...
compiling driver_pmu_iwdt.c...
compiling driver_qspi.c...
compiling driver_pmu.c...
compiling driver_uart.c...
compiling driver_trng.c...
compiling driver_psd_dac.c...
compiling driver_pdm.c...
compiling driver_ipc.c...
compiling driver_i2s.c...
compiling driver_saradc.c...
compiling co_log.c...
compiling fal.c...
compiling co_util.c...
compiling fal_flash.c...
compiling co_list.c...
compiling driver_spi_master.c...
compiling driver_can.c...
compiling fdb.c...
compiling fal_partition.c...
compiling croutine.c...
compiling list.c...
compiling fdb_utils.c...
compiling event_groups.c...
compiling stream_buffer.c...
compiling portasm.c...
compiling port.c...
compiling queue.c...
compiling timers.c...
assembling cpu_context.s...
compiling fdb_kvdb.c...
compiling heap_6.c...
compiling crc32.c...
compiling autoip.c...
compiling freertos_sleep.c...
compiling heap.c...
compiling igmp.c...
compiling icmp.c...
compiling tasks.c...
compiling ip4.c...
compiling etharp.c...
compiling ip4_addr.c...
compiling dhcp6.c...
compiling dhcp.c...
compiling ethip6.c...
compiling inet6.c...
compiling icmp6.c...
compiling ip4_frag.c...
compiling ip6.c...
compiling ip6_addr.c...
compiling ip6_frag.c...
compiling mld6.c...
compiling nd6.c...
compiling altcp.c...
compiling altcp_alloc.c...
compiling altcp_tcp.c...
compiling def.c...
compiling init.c...
compiling ip.c...
compiling mem.c...
compiling inet_chksum.c...
compiling dns.c...
compiling memp.c...
compiling raw.c...
compiling stats.c...
compiling sys.c...
compiling netif.c...
compiling pbuf.c...
compiling timeouts.c...
compiling tcp_in.c...
compiling udp.c...
compiling api_lib.c...
compiling tcp.c...
compiling err.c...
compiling tcp_out.c...
compiling if_api.c...
compiling netbuf.c...
compiling netifapi.c...
compiling netdb.c...
compiling api_msg.c...
compiling tcpip.c...
compiling ethernet.c...
compiling ethernetif.c...
compiling sys_arch.c...
compiling audio_a2dp_sink.c...
compiling audio_rpmsg.c...
compiling audio_a2dp_source.c...
compiling audio_encoder.c...
compiling sockets.c...
compiling audio_hw.c...
../../../../components/modules/audio/audio_decoder.c(72): warning: null passed to a callee that requires a non-null argument [-Wnonnull]
   72 |    fputc(hex2char[(value >> 12)&0xf], NULL);
      |                                       ^~~~
C:\Users\liury\AppData\Local\Keil_v5\ARM\ARMCLANG\bin\..\include\stdlib.h(76): note: expanded from macro 'NULL'
   76 | #define NULL 0                   /* see <stddef.h> */
      |              ^
../../../../components/modules/audio/audio_decoder.c(73): warning: null passed to a callee that requires a non-null argument [-Wnonnull]
   73 |    fputc(hex2char[(value >> 8)&0xf], NULL);
      |                                      ^~~~
C:\Users\liury\AppData\Local\Keil_v5\ARM\ARMCLANG\bin\..\include\stdlib.h(76): note: expanded from macro 'NULL'
   76 | #define NULL 0                   /* see <stddef.h> */
      |              ^
../../../../components/modules/audio/audio_decoder.c(74): warning: null passed to a callee that requires a non-null argument [-Wnonnull]
   74 |    fputc(hex2char[(value >> 4)&0xf], NULL);
      |                                      ^~~~
C:\Users\liury\AppData\Local\Keil_v5\ARM\ARMCLANG\bin\..\include\stdlib.h(76): note: expanded from macro 'NULL'
   76 | #define NULL 0                   /* see <stddef.h> */
      |              ^
../../../../components/modules/audio/audio_decoder.c(75): warning: null passed to a callee that requires a non-null argument [-Wnonnull]
   75 |    fputc(hex2char[(value >> 0)&0xf], NULL);
      |                                      ^~~~
C:\Users\liury\AppData\Local\Keil_v5\ARM\ARMCLANG\bin\..\include\stdlib.h(76): note: expanded from macro 'NULL'
   76 | #define NULL 0                   /* see <stddef.h> */
      |              ^
4 warnings generated.
compiling audio_decoder.c...
compiling audio_scene.c...
compiling local_playback.c...
compiling audio_sco.c...
compiling loopback.c...
compiling recorder.c...
compiling resample.c...
compiling rpmsg_ns.c...
compiling algorithm.c...
compiling codec.c...
compiling llist.c...
compiling rpmsg_queue.c...
compiling rpmsg.c...
compiling rpmsg_lite.c...
compiling virtqueue.c...
compiling rpmsg_env_freertos.c...
compiling can_if.c...
compiling dsp_mem.c...
compiling rpmsg_platform.c...
compiling adc_if.c...
compiling dsp.c...
compiling dio_if.c...
compiling STD_Lib.c...
compiling SysM.c...
compiling SysM_Cfg.c...
compiling EcuM.c...
compiling STD_BtrM.c...
compiling Switch.c...
compiling task.c...
compiling IC_W25Qxx.c...
compiling audio_codec.c...
compiling codec_es8389.c...
compiling driver_iic_soft.c...
compiling Rte_Hmi.c...
compiling Hmi_Callback.c...
compiling Hmi.c...
compiling CanDrv.c...
compiling Rte_Can.c...
compiling Hmi_Core.c...
compiling Hmi_Tasks.c...
compiling Hmi_Protocol.c...
compiling CanAppCfg.c...
compiling CanApp.c...
compiling BusOff_Recovery.c...
compiling NmControl.c...
compiling Appl_Il_Callback.c...
compiling Appl_Ccl_Callback.c...
compiling Appl_Can_Callback.c...
compiling Appl_Tp_Callback.c...
compiling Appl_CPID_Callback.c...
compiling CanDem_Cfg.c...
compiling E2E.c...
compiling Appl_DID_Callback.c...
compiling Appl_Desc_Callback.c...
compiling CanDem_Callback.c...
compiling Random.c...
compiling security_key.c...
compiling CanDem.c...
compiling base.c...
compiling Can_Main.c...
compiling Can_Trcv.c...
compiling appdescdev.c...
compiling can_par.c...
compiling nmcbdwrp_par.c...
compiling ccl_par.c...
compiling appdesc.c...
compiling drv_par.c...
compiling il_par.c...
compiling tp_par.c...
compiling v_par.c...
compiling desc.c...
compiling ccl.c...
compiling sip_vers.c...
compiling vstdlib.c...
compiling il.c...
compiling can_drv.c...
compiling retarget_io.c...
compiling DID_Callback.c...
compiling DTC_Callback.c...
compiling tpmc.c...
linking...
..\..\..\..\components\tools\keil\xip_flash_add_psram.sct(17): warning: L6314W: No section matches pattern *(.Fbl_FlashDriver).
..\..\..\..\components\tools\keil\xip_flash_add_psram.sct(20): warning: L6329W: Pattern *(ram_code_front) only matches removed unused sections.
..\..\..\..\components\tools\keil\xip_flash_add_psram.sct(48): warning: L6329W: Pattern algorithm.o(RO) only matches removed unused sections.
..\..\..\..\components\tools\keil\xip_flash_add_psram.sct(55): warning: L6314W: No section matches pattern *(.Fbl_ram).
Program Size: Code=368532 RO-data=117744 RW-data=48628 ZI-data=142452  
Finished: 0 information, 4 warning and 0 error messages.
FromELF: creating hex file...
After Build - User command #1: "..\..\..\..\components\tools\keil\post_process.bat" "Project" "E:\06_N72\00_workspace\DD0B10AADWWA_APP\examples\application\btdm_audio\MDK-ARM\Objects\Project.axf" "C:\Users\liury\AppData\Local\Keil_v5\ARM\ARMCLANG\include"
周三 22603
17:09:44.90
Error: Q0147E: Failed to create Directory E:\06_N72\00_workspace\DD0B10AADWWA_APP\examples\application\btdm_audio\MDK-ARM\output\Project.hex\ER_INTERRUPTS: File exists
Finished: 0 information, 0 warning and 1 error messages.
program target with file E:\06_N72\00_workspace\DD0B10AADWWA_APP\examples\application\btdm_audio\MDK-ARM\output/Project_burn.bin
".\Objects\Project.axf" - 0 Error(s), 10 Warning(s).
Build Time Elapsed:  00:00:16
